MPLINK 4.45, Linker
Linker Map File - Created Sun Jan 13 13:50:33 2013

                                 Section Info
                  Section       Type    Address   Location Size(Bytes)
                ---------  ---------  ---------  ---------  ---------
               _entry_scn       code   0x000000    program   0x000006
              boot_isr_hi       code   0x000008    program   0x000006
              boot_isr_lo       code   0x000018    program   0x000006
                app_start       code   0x002000    program   0x000006
           .code___init.o       code   0x002006    program   0x000002
               app_isr_hi       code   0x002008    program   0x000006
             .stringtable    romdata   0x00200e    program   0x000000
       .romdata_\relays.o    romdata   0x00200e    program   0x000000
      .idata_\storage.o_i    romdata   0x00200e    program   0x000004
      .romdata_\storage.o    romdata   0x00200e    program   0x000000
       .idata_\usb_io.o_i    romdata   0x00200e    program   0x000000
       .romdata_\usb_io.o    romdata   0x00200e    program   0x000000
    .romdata_EraseFlash.o    romdata   0x00200e    program   0x000000
     .romdata_ReadFlash.o    romdata   0x00200e    program   0x000000
.romdata_WriteWordFlash.o    romdata   0x00200e    program   0x000000
        .idata___init.o_i    romdata   0x00200e    program   0x000000
        .romdata___init.o    romdata   0x00200e    program   0x000000
         .idata_c018i.o_i    romdata   0x00200e    program   0x000000
         .romdata_c018i.o    romdata   0x00200e    program   0x000000
        .romdata_\debug.o    romdata   0x00200e    program   0x000000
     .romdata_\dac_cntl.o    romdata   0x00200e    program   0x000000
       .idata_\relays.o_i    romdata   0x002012    program   0x000002
          .idata_\lcd.o_i    romdata   0x002014    program   0x000001
        .idata_\debug.o_i    romdata   0x002015    program   0x000000
      .idata_\display.o_i    romdata   0x002015    program   0x000000
     .idata_\dac_cntl.o_i    romdata   0x002015    program   0x000001
           .code_\debug.o       code   0x002016    program   0x000000
    .idata_EraseFlash.o_i    romdata   0x002016    program   0x000000
    .idata_\amp_state.o_i    romdata   0x002016    program   0x000000
     .idata_ReadFlash.o_i    romdata   0x002016    program   0x000000
.idata_WriteWordFlash.o_i    romdata   0x002016    program   0x000000
            .code_c018i.o       code   0x002016    program   0x000000
               app_isr_lo       code   0x002018    program   0x000006
                   .cinit    romdata   0x00201e    program   0x00004a
             .code_\lcd.o       code   0x002068    program   0x001024
          .romdata_\lcd.o    romdata   0x00308c    program   0x000f14
     .code_\ir_receiver.o       code   0x003fa0    program   0x00085c
       .code_\amp_state.o       code   0x0047fc    program   0x000804
            .code_\main.o       code   0x005000    program   0x0006b2
         .code_\storage.o       code   0x0056b2    program   0x000646
    .romdata_\amp_state.o    romdata   0x005cf8    program   0x000528
          .code_\relays.o       code   0x006220    program   0x000318
          .code_\usb_io.o       code   0x006538    program   0x000302
        .code_\dac_cntl.o       code   0x00683a    program   0x0002a8
         .code_\display.o       code   0x006ae2    program   0x000116
       .code_EraseFlash.o       code   0x006bf8    program   0x0000f8
   .code_WriteWordFlash.o       code   0x006cf0    program   0x0000c4
               _cinit_scn       code   0x006db4    program   0x00009e
        .code_ReadFlash.o       code   0x006e52    program   0x000092
         .romdata_\main.o    romdata   0x006ee4    program   0x00002f
  .romdata_\ir_receiver.o    romdata   0x006f13    program   0x00002f
                    .code       code   0x006f42    program   0x000020
             _startup_scn       code   0x006f62    program   0x00001c
      .romdata_\display.o    romdata   0x006f7e    program   0x000018
         .idata_\main.o_i    romdata   0x006f96    program   0x000005
  .idata_\ir_receiver.o_i    romdata   0x006f9b    program   0x00000e
               my_storage    romdata   0x007400    program   0x000800
     .config_7ff8_\main.o    romdata   0x007ff8    program   0x000001
     .config_7ff9_\main.o    romdata   0x007ff9    program   0x000001
     .config_7ffa_\main.o    romdata   0x007ffa    program   0x000001
     .config_7ffb_\main.o    romdata   0x007ffb    program   0x000001
     .config_7ffc_\main.o    romdata   0x007ffc    program   0x000001
     .config_7ffd_\main.o    romdata   0x007ffd    program   0x000001
     .config_7ffe_\main.o    romdata   0x007ffe    program   0x000001
     .config_7fff_\main.o    romdata   0x007fff    program   0x000001
                 .tmpdata      udata   0x000020       data   0x00000d
                MATH_DATA      udata   0x00002d       data   0x00000b
         app_isr_high_tmp      udata   0x000038       data   0x000001
        .udata_\display.o      udata   0x000400       data   0x000006
            .udata_\lcd.o      udata   0x000406       data   0x000002
            usb_endpoints      udata   0x000408       data   0x000008
    .udata_\ir_receiver.o      udata   0x000410       data   0x00001e
        .udata_\storage.o      udata   0x00042e       data   0x00001b
           .udata_\main.o      udata   0x000449       data   0x000010
      .udata_\amp_state.o      udata   0x000459       data   0x00000e
    .idata_\ir_receiver.o      idata   0x000467       data   0x00000e
           .udata_c018i.o      udata   0x000475       data   0x00000a
           .idata_\main.o      idata   0x00047f       data   0x000005
        .idata_\storage.o      idata   0x000484       data   0x000004
         .idata_\relays.o      idata   0x000488       data   0x000002
            .idata_\lcd.o      idata   0x00048a       data   0x000001
       .idata_\dac_cntl.o      idata   0x00048b       data   0x000001
      .idata_EraseFlash.o      idata   0x00048c       data   0x000000
       .udata_ReadFlash.o      udata   0x00048c       data   0x000000
          .udata___init.o      udata   0x00048c       data   0x000000
          .idata___init.o      idata   0x00048c       data   0x000000
      .udata_EraseFlash.o      udata   0x00048c       data   0x000000
       .idata_ReadFlash.o      idata   0x00048c       data   0x000000
  .udata_WriteWordFlash.o      udata   0x00048c       data   0x000000
  .idata_WriteWordFlash.o      idata   0x00048c       data   0x000000
         .idata_\usb_io.o      idata   0x00048c       data   0x000000
         .udata_\usb_io.o      udata   0x00048c       data   0x000000
           .idata_c018i.o      idata   0x00048c       data   0x000000
      .idata_\amp_state.o      idata   0x00048c       data   0x000000
       .udata_\dac_cntl.o      udata   0x00048c       data   0x000000
          .udata_\debug.o      udata   0x00048c       data   0x000000
          .idata_\debug.o      idata   0x00048c       data   0x000000
        .idata_\display.o      idata   0x00048c       data   0x000000
         .udata_\relays.o      udata   0x00048c       data   0x000000
              large_udata      udata   0x000500       data   0x000400
                   .stack      udata   0x000d00       data   0x000100
              SFR_BANKED0      udata   0x000ec6       data   0x00000e
              SFR_BANKED1      udata   0x000ed7       data   0x000002
              SFR_BANKED2      udata   0x000ee7       data   0x000004
              SFR_BANKED3      udata   0x000eec       data   0x000003
              SFR_BANKED4      udata   0x000ef2       data   0x000002
              SFR_BANKED5      udata   0x000ef6       data   0x000002
              SFR_BANKED6      udata   0x000efb       data   0x000005
              SFR_BANKED7      udata   0x000f26       data   0x000014
              SFR_BANKED8      udata   0x000f3c       data   0x000007
              SFR_BANKED9      udata   0x000f48       data   0x000008
             SFR_BANKED10      udata   0x000f52       data   0x000002
            SFR_UNBANKED0      udata   0x000f60       data   0x0000a0



                              Program Memory Usage 
                               Start         End      
                           ---------   ---------      
                            0x000000    0x000005      
                            0x000008    0x00000d      
                            0x000018    0x00001d      
                            0x002000    0x002015      
                            0x002018    0x006fa8      
                            0x007400    0x007bff      
                            0x007ff8    0x007fff      
            22465 out of 31754 program addresses used, program memory utilization is 70%



                              Symbols - Sorted by Name
                     Name    Address   Location    Storage File                     
                ---------  ---------  ---------  --------- ---------                
               BalanceBmp   0x003f51    program     static E:\NZ\Baseline\inc\fonts.h
             BalanceIndex   0x003f9f    program     static E:\NZ\Baseline\inc\fonts.h
               EraseFlash   0x006bf8    program     extern E:\3.44\pic18-lt\cxx-framework\src\pmc_common\Flash\EraseFlash.c
              HIDRxReport   0x0065d8    program     static E:\NZ\Baseline\src\usb_io.c
          HIDTxReport_log   0x006538    program     static E:\NZ\Baseline\src\usb_io.c
                     Mute   0x003746    program     static E:\NZ\Baseline\inc\bmp.h 
                     Mute   0x0061d2    program     static E:\NZ\Baseline\inc\bmp.h 
           NeoSansIntel32   0x003794    program     static E:\NZ\Baseline\inc\fonts.h
                ReadFlash   0x006e52    program     extern E:\3.44\pic18-lt\cxx-framework\src\pmc_common\Flash\ReadFlash.c
      Realixed2Splash_bmp   0x00326c    program     static E:\NZ\Baseline\inc\bmp.h 
      Realixed2Splash_bmp   0x005cf8    program     static E:\NZ\Baseline\inc\bmp.h 
                WriteSPI2   0x00224a    program     extern E:\NZ\Baseline\src\lcd.c 
           WriteWordFlash   0x006cf0    program     extern E:\3.44\pic18-lt\cxx-framework\src\pmc_common\Flash\WriteWordFlash.c
           ___if_lbl00001   0x006d8c    program     static                          
           ___if_lbl00002   0x006d9c    program     static                          
       ___return_lbl00000   0x002004    program     static                          
       ___return_lbl00000   0x006d9c    program     static                          
       ___return_lbl00000   0x000004    program     static                          
       ___return_lbl00000   0x006ecc    program     static                          
       ___return_lbl00001   0x006f7c    program     static                          
       ___return_lbl00001   0x00200c    program     static                          
       ___return_lbl00002   0x006e50    program     static                          
       ___return_lbl00002   0x00201c    program     static                          
       ___return_lbl00003   0x00000c    program     static                          
       ___return_lbl00004   0x00001c    program     static                          
        ___while_lbl00001   0x006e9a    program     static                          
        ___while_lbl00002   0x006ecc    program     static                          
               __config_0   0x007ff8    program     static E:\NZ\Baseline\src\main.c
               __config_1   0x007ff9    program     static E:\NZ\Baseline\src\main.c
               __config_2   0x007ffa    program     static E:\NZ\Baseline\src\main.c
               __config_3   0x007ffb    program     static E:\NZ\Baseline\src\main.c
               __config_4   0x007ffc    program     static E:\NZ\Baseline\src\main.c
               __config_5   0x007ffd    program     static E:\NZ\Baseline\src\main.c
               __config_6   0x007ffe    program     static E:\NZ\Baseline\src\main.c
               __config_7   0x007fff    program     static E:\NZ\Baseline\src\main.c
                   __init   0x002006    program     extern E:\3.44\pic18-lt\cxx-framework\src\traditional\stdclib\__init.c
                   __pa_0   0x006ce2    program     static E:\3.44\pic18-lt\cxx-framework\src\pmc_common\Flash\EraseFlash.c
            __zero_memory   0x006f42    program     extern E:\3.44\pic18-lt\cxx-framework\src\traditional\proc\p18f25j50.asm
                _do_cinit   0x006db4    program     extern E:\3.44\pic18-lt\cxx-framework\src\traditional\startup\c018i.c
                _emptycol   0x0061ca    program     static E:\NZ\Baseline\inc\bmp.h 
                _emptycol   0x00373e    program     static E:\NZ\Baseline\inc\bmp.h 
                   _entry   0x000000    program     extern E:\3.44\pic18-lt\cxx-framework\src\traditional\startup\c018i.c
                   _reset   0x002000    program     extern E:\NZ\Baseline\src\main.c
                 _startup   0x006f62    program     extern E:\3.44\pic18-lt\cxx-framework\src\traditional\startup\c018i.c
               _user_putc   0x00678a    program     extern E:\NZ\Baseline\src\usb_io.c
           amp_state_init   0x0047fc    program     extern E:\NZ\Baseline\src\amp_state.c
app_interrupt_at_high_vector   0x002008    program     extern E:\NZ\Baseline\src\main.c
app_interrupt_at_low_vector   0x002018    program     extern E:\NZ\Baseline\src\main.c
             app_isr_high   0x00532e    program     extern E:\NZ\Baseline\src\main.c
              app_isr_low   0x0055ec    program     extern E:\NZ\Baseline\src\main.c
           balance_update   0x004b3e    program     extern E:\NZ\Baseline\src\amp_state.c
            boot_isr_high   0x000008    program     extern E:\NZ\Baseline\src\main.c
             boot_isr_low   0x000018    program     extern E:\NZ\Baseline\src\main.c
                 byte2hex   0x0067ba    program     extern E:\NZ\Baseline\src\usb_io.c
             channelDIGIT   0x003d57    program     static E:\NZ\Baseline\inc\fonts.h
              channel_set   0x004dc2    program     extern E:\NZ\Baseline\src\amp_state.c
           channel_update   0x004c6e    program     extern E:\NZ\Baseline\src\amp_state.c
          check_usb_power   0x0052c2    program     extern E:\NZ\Baseline\src\main.c
                clear_lcd   0x00227e    program     extern E:\NZ\Baseline\src\lcd.c 
                compare_l   0x006f58    program     static E:\3.44\pic18-lt\cxx-framework\src\traditional\proc\p18f25j50.asm
               config_lcd   0x0020cc    program     extern E:\NZ\Baseline\src\lcd.c 
                copy_loop   0x006e26    program     static                          
            copy_one_byte   0x006e2c    program     static                          
                       dB   0x0036f0    program     static E:\NZ\Baseline\inc\bmp.h 
                       dB   0x00617c    program     static E:\NZ\Baseline\inc\bmp.h 
           dac_check_lock   0x006a86    program     extern E:\NZ\Baseline\src\dac_cntl.c
                 dac_init   0x006968    program     extern E:\NZ\Baseline\src\dac_cntl.c
              dac_receive   0x006920    program     static E:\NZ\Baseline\src\dac_cntl.c
                 dac_send   0x0068b4    program     static E:\NZ\Baseline\src\dac_cntl.c
          dac_set_channel   0x006a22    program     extern E:\NZ\Baseline\src\dac_cntl.c
               dac_status   0x00683a    program     extern E:\NZ\Baseline\src\dac_cntl.c
           detect_display   0x002068    program     extern E:\NZ\Baseline\src\lcd.c 
              display_isr   0x006ae2    program     extern E:\NZ\Baseline\src\display.c
              display_set   0x006b78    program     extern E:\NZ\Baseline\src\display.c
          display_set_alt   0x006bba    program     extern E:\NZ\Baseline\src\display.c
                     done   0x006e50    program     static                          
             done_copying   0x006e3a    program     static                          
             draw_lcd_bmp   0x002d7c    program     extern E:\NZ\Baseline\src\lcd.c 
            error_receive   0x0041d8    program     static E:\NZ\Baseline\src\ir_receiver.c
               flash_load   0x005a4c    program     extern E:\NZ\Baseline\src\storage.c
           flash_new_page   0x005b3a    program     static E:\NZ\Baseline\src\storage.c
              flash_store   0x0058e0    program     extern E:\NZ\Baseline\src\storage.c
     flash_volume_channel   0x004f94    program     extern E:\NZ\Baseline\src\amp_state.c
                  font5x8   0x00308c    program     extern E:\NZ\Baseline\inc\font_5x8.h
         freeze_ir_device   0x00438c    program     static E:\NZ\Baseline\src\ir_receiver.c
                 infinity   0x003e2f    program     static E:\NZ\Baseline\inc\fonts.h
                     init   0x005612    program     static E:\NZ\Baseline\src\main.c
                init_spi2   0x002240    program     extern E:\NZ\Baseline\src\lcd.c 
             input_string   0x00366c    program     static E:\NZ\Baseline\inc\bmp.h 
             input_string   0x0060f8    program     static E:\NZ\Baseline\inc\bmp.h 
           ir_handle_code   0x0047bc    program     extern E:\NZ\Baseline\src\ir_receiver.c
         ir_receiver_init   0x00433a    program     extern E:\NZ\Baseline\src\ir_receiver.c
          ir_receiver_isr   0x0041ee    program     extern E:\NZ\Baseline\src\ir_receiver.c
               ir_tmr_isr   0x003fc2    program     extern E:\NZ\Baseline\src\ir_receiver.c
          isr_lcd_refresh   0x002356    program     extern E:\NZ\Baseline\src\lcd.c 
            lcd_clear_gfx   0x00243a    program     extern E:\NZ\Baseline\src\lcd.c 
      lcd_display_balance   0x002db2    program     extern E:\NZ\Baseline\src\lcd.c 
          lcd_display_bmp   0x003026    program     extern E:\NZ\Baseline\src\lcd.c 
      lcd_display_channel   0x002f72    program     extern E:\NZ\Baseline\src\lcd.c 
         lcd_display_info   0x002f62    program     extern E:\NZ\Baseline\src\lcd.c 
         lcd_display_mute   0x002d16    program     extern E:\NZ\Baseline\src\lcd.c 
       lcd_display_volume   0x002c20    program     extern E:\NZ\Baseline\src\lcd.c 
             lcd_hw_reset   0x0021cc    program     extern E:\NZ\Baseline\src\lcd.c 
        lcd_write_command   0x00217c    program     extern E:\NZ\Baseline\src\lcd.c 
           lcd_write_data   0x0021a6    program     extern E:\NZ\Baseline\src\lcd.c 
            lcd_write_gfx   0x002498    program     extern E:\NZ\Baseline\src\lcd.c 
                     loop   0x006f72    program     static                          
                   loop_h   0x006f50    program     static E:\3.44\pic18-lt\cxx-framework\src\traditional\proc\p18f25j50.asm
                   loop_l   0x006f5a    program     static E:\3.44\pic18-lt\cxx-framework\src\traditional\proc\p18f25j50.asm
                     main   0x005000    program     extern E:\NZ\Baseline\src\main.c
          mcp23017_output   0x0062cc    program     extern E:\NZ\Baseline\src\relays.c
                  minus32   0x003d0c    program     static E:\NZ\Baseline\inc\fonts.h
                     mute   0x004c12    program     extern E:\NZ\Baseline\src\amp_state.c
      power_lcd_backlight   0x0020a4    program     extern E:\NZ\Baseline\src\lcd.c 
        power_lcd_display   0x002082    program     extern E:\NZ\Baseline\src\lcd.c 
        power_off_display   0x00207e    program     extern E:\NZ\Baseline\src\lcd.c 
              power_state   0x004ff8    program     extern E:\NZ\Baseline\src\amp_state.c
             power_update   0x004df2    program     extern E:\NZ\Baseline\src\amp_state.c
         rc56_handle_code   0x0044ac    program     static E:\NZ\Baseline\src\ir_receiver.c
              rc5_receive   0x004092    program     static E:\NZ\Baseline\src\ir_receiver.c
              rc6_receive   0x0040fe    program     static E:\NZ\Baseline\src\ir_receiver.c
                  readI2C   0x006898    program     static E:\NZ\Baseline\src\dac_cntl.c
        relay_boards_init   0x006276    program     extern E:\NZ\Baseline\src\relays.c
            segment_table   0x006f7e    program     static E:\NZ\Baseline\src\display.c
               set_relays   0x00630e    program     extern E:\NZ\Baseline\src\relays.c
set_volume_balance_relays   0x004810    program     static E:\NZ\Baseline\src\amp_state.c
         sirc_handle_code   0x00462e    program     static E:\NZ\Baseline\src\ir_receiver.c
             sirc_receive   0x00419c    program     static E:\NZ\Baseline\src\ir_receiver.c
             storage_area   0x007400    program     static E:\NZ\Baseline\src\storage.c
             storage_init   0x0056b2    program     extern E:\NZ\Baseline\src\storage.c
        str_rc_programmed   0x006f13    program     static E:\NZ\Baseline\inc\costant_string.h
        str_rc_programmed   0x006ee4    program     static E:\NZ\Baseline\inc\costant_string.h
  str_relay_not_connected   0x006ef9    program     static E:\NZ\Baseline\inc\costant_string.h
  str_relay_not_connected   0x006f28    program     static E:\NZ\Baseline\inc\costant_string.h
                     test   0x006dce    program     static                          
                tmr_delay   0x003fa0    program     static E:\NZ\Baseline\src\ir_receiver.c
                   unmute   0x004c5e    program     extern E:\NZ\Baseline\src\amp_state.c
                 usb_read   0x0066a6    program     extern E:\NZ\Baseline\src\usb_io.c
                usb_state   0x006656    program     extern E:\NZ\Baseline\src\usb_io.c
                usb_write   0x006716    program     extern E:\NZ\Baseline\src\usb_io.c
           volume_display   0x00491e    program     extern E:\NZ\Baseline\src\amp_state.c
            volume_update   0x004a0a    program     extern E:\NZ\Baseline\src\amp_state.c
                 writeI2C   0x006842    program     static E:\NZ\Baseline\src\dac_cntl.c
                 writeI2C   0x006220    program     static E:\NZ\Baseline\src\relays.c
               zero_block   0x006f50    program     static E:\3.44\pic18-lt\cxx-framework\src\traditional\proc\p18f25j50.asm
                   ADCON0   0x000fc2       data     extern E:\3.44\pic18-lt\cxx-framework\src\traditional\proc\p18f25j50.asm
               ADCON0bits   0x000fc2       data     extern E:\3.44\pic18-lt\cxx-framework\src\traditional\proc\p18f25j50.asm
                   ADCON1   0x000fc1       data     extern E:\3.44\pic18-lt\cxx-framework\src\traditional\proc\p18f25j50.asm
               ADCON1bits   0x000fc1       data     extern E:\3.44\pic18-lt\cxx-framework\src\traditional\proc\p18f25j50.asm
                    ADRES   0x000fc3       data     extern E:\3.44\pic18-lt\cxx-framework\src\traditional\proc\p18f25j50.asm
                   ADRESH   0x000fc4       data     extern E:\3.44\pic18-lt\cxx-framework\src\traditional\proc\p18f25j50.asm
                   ADRESL   0x000fc3       data     extern E:\3.44\pic18-lt\cxx-framework\src\traditional\proc\p18f25j50.asm
                  ALRMCFG   0x000f91       data     extern E:\3.44\pic18-lt\cxx-framework\src\traditional\proc\p18f25j50.asm
              ALRMCFGbits   0x000f91       data     extern E:\3.44\pic18-lt\cxx-framework\src\traditional\proc\p18f25j50.asm
                  ALRMRPT   0x000f90       data     extern E:\3.44\pic18-lt\cxx-framework\src\traditional\proc\p18f25j50.asm
              ALRMRPTbits   0x000f90       data     extern E:\3.44\pic18-lt\cxx-framework\src\traditional\proc\p18f25j50.asm
                 ALRMVALH   0x000f8f       data     extern E:\3.44\pic18-lt\cxx-framework\src\traditional\proc\p18f25j50.asm
                 ALRMVALL   0x000f8e       data     extern E:\3.44\pic18-lt\cxx-framework\src\traditional\proc\p18f25j50.asm
                   ANCON0   0x000f48       data     extern E:\3.44\pic18-lt\cxx-framework\src\traditional\proc\p18f25j50.asm
               ANCON0bits   0x000f48       data     extern E:\3.44\pic18-lt\cxx-framework\src\traditional\proc\p18f25j50.asm
                   ANCON1   0x000f49       data     extern E:\3.44\pic18-lt\cxx-framework\src\traditional\proc\p18f25j50.asm
               ANCON1bits   0x000f49       data     extern E:\3.44\pic18-lt\cxx-framework\src\traditional\proc\p18f25j50.asm
                  BAUDCON   0x000f7e       data     extern E:\3.44\pic18-lt\cxx-framework\src\traditional\proc\p18f25j50.asm
                 BAUDCON1   0x000f7e       data     extern E:\3.44\pic18-lt\cxx-framework\src\traditional\proc\p18f25j50.asm
             BAUDCON1bits   0x000f7e       data     extern E:\3.44\pic18-lt\cxx-framework\src\traditional\proc\p18f25j50.asm
                 BAUDCON2   0x000f7c       data     extern E:\3.44\pic18-lt\cxx-framework\src\traditional\proc\p18f25j50.asm
             BAUDCON2bits   0x000f7c       data     extern E:\3.44\pic18-lt\cxx-framework\src\traditional\proc\p18f25j50.asm
              BAUDCONbits   0x000f7e       data     extern E:\3.44\pic18-lt\cxx-framework\src\traditional\proc\p18f25j50.asm
                  BAUDCTL   0x000f7e       data     extern E:\3.44\pic18-lt\cxx-framework\src\traditional\proc\p18f25j50.asm
              BAUDCTLbits   0x000f7e       data     extern E:\3.44\pic18-lt\cxx-framework\src\traditional\proc\p18f25j50.asm
                      BSR   0x000fe0       data     extern E:\3.44\pic18-lt\cxx-framework\src\traditional\proc\p18f25j50.asm
                  CCP1CON   0x000fba       data     extern E:\3.44\pic18-lt\cxx-framework\src\traditional\proc\p18f25j50.asm
              CCP1CONbits   0x000fba       data     extern E:\3.44\pic18-lt\cxx-framework\src\traditional\proc\p18f25j50.asm
                  CCP2CON   0x000fb4       data     extern E:\3.44\pic18-lt\cxx-framework\src\traditional\proc\p18f25j50.asm
              CCP2CONbits   0x000fb4       data     extern E:\3.44\pic18-lt\cxx-framework\src\traditional\proc\p18f25j50.asm
                    CCPR1   0x000fbb       data     extern E:\3.44\pic18-lt\cxx-framework\src\traditional\proc\p18f25j50.asm
                   CCPR1H   0x000fbc       data     extern E:\3.44\pic18-lt\cxx-framework\src\traditional\proc\p18f25j50.asm
                   CCPR1L   0x000fbb       data     extern E:\3.44\pic18-lt\cxx-framework\src\traditional\proc\p18f25j50.asm
                    CCPR2   0x000fb5       data     extern E:\3.44\pic18-lt\cxx-framework\src\traditional\proc\p18f25j50.asm
                   CCPR2H   0x000fb6       data     extern E:\3.44\pic18-lt\cxx-framework\src\traditional\proc\p18f25j50.asm
                   CCPR2L   0x000fb5       data     extern E:\3.44\pic18-lt\cxx-framework\src\traditional\proc\p18f25j50.asm
                   CM1CON   0x000fd2       data     extern E:\3.44\pic18-lt\cxx-framework\src\traditional\proc\p18f25j50.asm
                  CM1CON1   0x000fd2       data     extern E:\3.44\pic18-lt\cxx-framework\src\traditional\proc\p18f25j50.asm
              CM1CON1bits   0x000fd2       data     extern E:\3.44\pic18-lt\cxx-framework\src\traditional\proc\p18f25j50.asm
               CM1CONbits   0x000fd2       data     extern E:\3.44\pic18-lt\cxx-framework\src\traditional\proc\p18f25j50.asm
                   CM2CON   0x000fd1       data     extern E:\3.44\pic18-lt\cxx-framework\src\traditional\proc\p18f25j50.asm
                  CM2CON1   0x000fd1       data     extern E:\3.44\pic18-lt\cxx-framework\src\traditional\proc\p18f25j50.asm
              CM2CON1bits   0x000fd1       data     extern E:\3.44\pic18-lt\cxx-framework\src\traditional\proc\p18f25j50.asm
               CM2CONbits   0x000fd1       data     extern E:\3.44\pic18-lt\cxx-framework\src\traditional\proc\p18f25j50.asm
                   CMSTAT   0x000f70       data     extern E:\3.44\pic18-lt\cxx-framework\src\traditional\proc\p18f25j50.asm
                 CMSTATUS   0x000f70       data     extern E:\3.44\pic18-lt\cxx-framework\src\traditional\proc\p18f25j50.asm
             CMSTATUSbits   0x000f70       data     extern E:\3.44\pic18-lt\cxx-framework\src\traditional\proc\p18f25j50.asm
               CMSTATbits   0x000f70       data     extern E:\3.44\pic18-lt\cxx-framework\src\traditional\proc\p18f25j50.asm
                 CTMUCONH   0x000fb3       data     extern E:\3.44\pic18-lt\cxx-framework\src\traditional\proc\p18f25j50.asm
             CTMUCONHbits   0x000fb3       data     extern E:\3.44\pic18-lt\cxx-framework\src\traditional\proc\p18f25j50.asm
                 CTMUCONL   0x000fb2       data     extern E:\3.44\pic18-lt\cxx-framework\src\traditional\proc\p18f25j50.asm
             CTMUCONLbits   0x000fb2       data     extern E:\3.44\pic18-lt\cxx-framework\src\traditional\proc\p18f25j50.asm
                 CTMUICON   0x000fb1       data     extern E:\3.44\pic18-lt\cxx-framework\src\traditional\proc\p18f25j50.asm
             CTMUICONbits   0x000fb1       data     extern E:\3.44\pic18-lt\cxx-framework\src\traditional\proc\p18f25j50.asm
                   CVRCON   0x000f53       data     extern E:\3.44\pic18-lt\cxx-framework\src\traditional\proc\p18f25j50.asm
               CVRCONbits   0x000f53       data     extern E:\3.44\pic18-lt\cxx-framework\src\traditional\proc\p18f25j50.asm
                   DMABCH   0x000f66       data     extern E:\3.44\pic18-lt\cxx-framework\src\traditional\proc\p18f25j50.asm
               DMABCHbits   0x000f66       data     extern E:\3.44\pic18-lt\cxx-framework\src\traditional\proc\p18f25j50.asm
                   DMABCL   0x000f67       data     extern E:\3.44\pic18-lt\cxx-framework\src\traditional\proc\p18f25j50.asm
                  DMACON1   0x000f88       data     extern E:\3.44\pic18-lt\cxx-framework\src\traditional\proc\p18f25j50.asm
              DMACON1bits   0x000f88       data     extern E:\3.44\pic18-lt\cxx-framework\src\traditional\proc\p18f25j50.asm
                  DMACON2   0x000f86       data     extern E:\3.44\pic18-lt\cxx-framework\src\traditional\proc\p18f25j50.asm
              DMACON2bits   0x000f86       data     extern E:\3.44\pic18-lt\cxx-framework\src\traditional\proc\p18f25j50.asm
                   DSCONH   0x000f4d       data     extern E:\3.44\pic18-lt\cxx-framework\src\traditional\proc\p18f25j50.asm
               DSCONHbits   0x000f4d       data     extern E:\3.44\pic18-lt\cxx-framework\src\traditional\proc\p18f25j50.asm
                   DSCONL   0x000f4c       data     extern E:\3.44\pic18-lt\cxx-framework\src\traditional\proc\p18f25j50.asm
               DSCONLbits   0x000f4c       data     extern E:\3.44\pic18-lt\cxx-framework\src\traditional\proc\p18f25j50.asm
                   DSGPR0   0x000f4e       data     extern E:\3.44\pic18-lt\cxx-framework\src\traditional\proc\p18f25j50.asm
                   DSGPR1   0x000f4f       data     extern E:\3.44\pic18-lt\cxx-framework\src\traditional\proc\p18f25j50.asm
                  DSWAKEH   0x000f4b       data     extern E:\3.44\pic18-lt\cxx-framework\src\traditional\proc\p18f25j50.asm
              DSWAKEHbits   0x000f4b       data     extern E:\3.44\pic18-lt\cxx-framework\src\traditional\proc\p18f25j50.asm
                  DSWAKEL   0x000f4a       data     extern E:\3.44\pic18-lt\cxx-framework\src\traditional\proc\p18f25j50.asm
              DSWAKELbits   0x000f4a       data     extern E:\3.44\pic18-lt\cxx-framework\src\traditional\proc\p18f25j50.asm
                  ECCP1AS   0x000fbe       data     extern E:\3.44\pic18-lt\cxx-framework\src\traditional\proc\p18f25j50.asm
              ECCP1ASbits   0x000fbe       data     extern E:\3.44\pic18-lt\cxx-framework\src\traditional\proc\p18f25j50.asm
                 ECCP1CON   0x000fba       data     extern E:\3.44\pic18-lt\cxx-framework\src\traditional\proc\p18f25j50.asm
             ECCP1CONbits   0x000fba       data     extern E:\3.44\pic18-lt\cxx-framework\src\traditional\proc\p18f25j50.asm
                 ECCP1DEL   0x000fbd       data     extern E:\3.44\pic18-lt\cxx-framework\src\traditional\proc\p18f25j50.asm
             ECCP1DELbits   0x000fbd       data     extern E:\3.44\pic18-lt\cxx-framework\src\traditional\proc\p18f25j50.asm
                  ECCP2AS   0x000fb8       data     extern E:\3.44\pic18-lt\cxx-framework\src\traditional\proc\p18f25j50.asm
              ECCP2ASbits   0x000fb8       data     extern E:\3.44\pic18-lt\cxx-framework\src\traditional\proc\p18f25j50.asm
                 ECCP2CON   0x000fb4       data     extern E:\3.44\pic18-lt\cxx-framework\src\traditional\proc\p18f25j50.asm
             ECCP2CONbits   0x000fb4       data     extern E:\3.44\pic18-lt\cxx-framework\src\traditional\proc\p18f25j50.asm
                 ECCP2DEL   0x000fb7       data     extern E:\3.44\pic18-lt\cxx-framework\src\traditional\proc\p18f25j50.asm
             ECCP2DELbits   0x000fb7       data     extern E:\3.44\pic18-lt\cxx-framework\src\traditional\proc\p18f25j50.asm
                   EECON1   0x000fa6       data     extern E:\3.44\pic18-lt\cxx-framework\src\traditional\proc\p18f25j50.asm
               EECON1bits   0x000fa6       data     extern E:\3.44\pic18-lt\cxx-framework\src\traditional\proc\p18f25j50.asm
                   EECON2   0x000fa7       data     extern E:\3.44\pic18-lt\cxx-framework\src\traditional\proc\p18f25j50.asm
                     FSR0   0x000fe9       data     extern E:\3.44\pic18-lt\cxx-framework\src\traditional\proc\p18f25j50.asm
                    FSR0H   0x000fea       data     extern E:\3.44\pic18-lt\cxx-framework\src\traditional\proc\p18f25j50.asm
                    FSR0L   0x000fe9       data     extern E:\3.44\pic18-lt\cxx-framework\src\traditional\proc\p18f25j50.asm
                     FSR1   0x000fe1       data     extern E:\3.44\pic18-lt\cxx-framework\src\traditional\proc\p18f25j50.asm
                    FSR1H   0x000fe2       data     extern E:\3.44\pic18-lt\cxx-framework\src\traditional\proc\p18f25j50.asm
                    FSR1L   0x000fe1       data     extern E:\3.44\pic18-lt\cxx-framework\src\traditional\proc\p18f25j50.asm
                     FSR2   0x000fd9       data     extern E:\3.44\pic18-lt\cxx-framework\src\traditional\proc\p18f25j50.asm
                    FSR2H   0x000fda       data     extern E:\3.44\pic18-lt\cxx-framework\src\traditional\proc\p18f25j50.asm
                    FSR2L   0x000fd9       data     extern E:\3.44\pic18-lt\cxx-framework\src\traditional\proc\p18f25j50.asm
                  HLVDCON   0x000f85       data     extern E:\3.44\pic18-lt\cxx-framework\src\traditional\proc\p18f25j50.asm
              HLVDCONbits   0x000f85       data     extern E:\3.44\pic18-lt\cxx-framework\src\traditional\proc\p18f25j50.asm
                    INDF0   0x000fef       data     extern E:\3.44\pic18-lt\cxx-framework\src\traditional\proc\p18f25j50.asm
                    INDF1   0x000fe7       data     extern E:\3.44\pic18-lt\cxx-framework\src\traditional\proc\p18f25j50.asm
                    INDF2   0x000fdf       data     extern E:\3.44\pic18-lt\cxx-framework\src\traditional\proc\p18f25j50.asm
                   INTCON   0x000ff2       data     extern E:\3.44\pic18-lt\cxx-framework\src\traditional\proc\p18f25j50.asm
                  INTCON2   0x000ff1       data     extern E:\3.44\pic18-lt\cxx-framework\src\traditional\proc\p18f25j50.asm
              INTCON2bits   0x000ff1       data     extern E:\3.44\pic18-lt\cxx-framework\src\traditional\proc\p18f25j50.asm
                  INTCON3   0x000ff0       data     extern E:\3.44\pic18-lt\cxx-framework\src\traditional\proc\p18f25j50.asm
              INTCON3bits   0x000ff0       data     extern E:\3.44\pic18-lt\cxx-framework\src\traditional\proc\p18f25j50.asm
               INTCONbits   0x000ff2       data     extern E:\3.44\pic18-lt\cxx-framework\src\traditional\proc\p18f25j50.asm
                     IPR1   0x000f9f       data     extern E:\3.44\pic18-lt\cxx-framework\src\traditional\proc\p18f25j50.asm
                 IPR1bits   0x000f9f       data     extern E:\3.44\pic18-lt\cxx-framework\src\traditional\proc\p18f25j50.asm
                     IPR2   0x000fa2       data     extern E:\3.44\pic18-lt\cxx-framework\src\traditional\proc\p18f25j50.asm
                 IPR2bits   0x000fa2       data     extern E:\3.44\pic18-lt\cxx-framework\src\traditional\proc\p18f25j50.asm
                     IPR3   0x000fa5       data     extern E:\3.44\pic18-lt\cxx-framework\src\traditional\proc\p18f25j50.asm
                 IPR3bits   0x000fa5       data     extern E:\3.44\pic18-lt\cxx-framework\src\traditional\proc\p18f25j50.asm
                     LATA   0x000f89       data     extern E:\3.44\pic18-lt\cxx-framework\src\traditional\proc\p18f25j50.asm
                 LATAbits   0x000f89       data     extern E:\3.44\pic18-lt\cxx-framework\src\traditional\proc\p18f25j50.asm
                     LATB   0x000f8a       data     extern E:\3.44\pic18-lt\cxx-framework\src\traditional\proc\p18f25j50.asm
                 LATBbits   0x000f8a       data     extern E:\3.44\pic18-lt\cxx-framework\src\traditional\proc\p18f25j50.asm
                     LATC   0x000f8b       data     extern E:\3.44\pic18-lt\cxx-framework\src\traditional\proc\p18f25j50.asm
                 LATCbits   0x000f8b       data     extern E:\3.44\pic18-lt\cxx-framework\src\traditional\proc\p18f25j50.asm
               LCD_shadow   0x000500       data     extern E:\NZ\Baseline\src\lcd.c 
                   ODCON1   0x000f42       data     extern E:\3.44\pic18-lt\cxx-framework\src\traditional\proc\p18f25j50.asm
               ODCON1bits   0x000f42       data     extern E:\3.44\pic18-lt\cxx-framework\src\traditional\proc\p18f25j50.asm
                   ODCON2   0x000f41       data     extern E:\3.44\pic18-lt\cxx-framework\src\traditional\proc\p18f25j50.asm
               ODCON2bits   0x000f41       data     extern E:\3.44\pic18-lt\cxx-framework\src\traditional\proc\p18f25j50.asm
                   ODCON3   0x000f40       data     extern E:\3.44\pic18-lt\cxx-framework\src\traditional\proc\p18f25j50.asm
               ODCON3bits   0x000f40       data     extern E:\3.44\pic18-lt\cxx-framework\src\traditional\proc\p18f25j50.asm
                   OSCCON   0x000fd3       data     extern E:\3.44\pic18-lt\cxx-framework\src\traditional\proc\p18f25j50.asm
               OSCCONbits   0x000fd3       data     extern E:\3.44\pic18-lt\cxx-framework\src\traditional\proc\p18f25j50.asm
                  OSCTUNE   0x000f9b       data     extern E:\3.44\pic18-lt\cxx-framework\src\traditional\proc\p18f25j50.asm
              OSCTUNEbits   0x000f9b       data     extern E:\3.44\pic18-lt\cxx-framework\src\traditional\proc\p18f25j50.asm
                  PADCFG1   0x000f3c       data     extern E:\3.44\pic18-lt\cxx-framework\src\traditional\proc\p18f25j50.asm
              PADCFG1bits   0x000f3c       data     extern E:\3.44\pic18-lt\cxx-framework\src\traditional\proc\p18f25j50.asm
                       PC   0x000ff9       data     extern E:\3.44\pic18-lt\cxx-framework\src\traditional\proc\p18f25j50.asm
                      PCL   0x000ff9       data     extern E:\3.44\pic18-lt\cxx-framework\src\traditional\proc\p18f25j50.asm
                   PCLATH   0x000ffa       data     extern E:\3.44\pic18-lt\cxx-framework\src\traditional\proc\p18f25j50.asm
                   PCLATU   0x000ffb       data     extern E:\3.44\pic18-lt\cxx-framework\src\traditional\proc\p18f25j50.asm
                     PIE1   0x000f9d       data     extern E:\3.44\pic18-lt\cxx-framework\src\traditional\proc\p18f25j50.asm
                 PIE1bits   0x000f9d       data     extern E:\3.44\pic18-lt\cxx-framework\src\traditional\proc\p18f25j50.asm
                     PIE2   0x000fa0       data     extern E:\3.44\pic18-lt\cxx-framework\src\traditional\proc\p18f25j50.asm
                 PIE2bits   0x000fa0       data     extern E:\3.44\pic18-lt\cxx-framework\src\traditional\proc\p18f25j50.asm
                     PIE3   0x000fa3       data     extern E:\3.44\pic18-lt\cxx-framework\src\traditional\proc\p18f25j50.asm
                 PIE3bits   0x000fa3       data     extern E:\3.44\pic18-lt\cxx-framework\src\traditional\proc\p18f25j50.asm
                     PIR1   0x000f9e       data     extern E:\3.44\pic18-lt\cxx-framework\src\traditional\proc\p18f25j50.asm
                 PIR1bits   0x000f9e       data     extern E:\3.44\pic18-lt\cxx-framework\src\traditional\proc\p18f25j50.asm
                     PIR2   0x000fa1       data     extern E:\3.44\pic18-lt\cxx-framework\src\traditional\proc\p18f25j50.asm
                 PIR2bits   0x000fa1       data     extern E:\3.44\pic18-lt\cxx-framework\src\traditional\proc\p18f25j50.asm
                     PIR3   0x000fa4       data     extern E:\3.44\pic18-lt\cxx-framework\src\traditional\proc\p18f25j50.asm
                 PIR3bits   0x000fa4       data     extern E:\3.44\pic18-lt\cxx-framework\src\traditional\proc\p18f25j50.asm
                   PLUSW0   0x000feb       data     extern E:\3.44\pic18-lt\cxx-framework\src\traditional\proc\p18f25j50.asm
                   PLUSW1   0x000fe3       data     extern E:\3.44\pic18-lt\cxx-framework\src\traditional\proc\p18f25j50.asm
                   PLUSW2   0x000fdb       data     extern E:\3.44\pic18-lt\cxx-framework\src\traditional\proc\p18f25j50.asm
                    PORTA   0x000f80       data     extern E:\3.44\pic18-lt\cxx-framework\src\traditional\proc\p18f25j50.asm
                PORTAbits   0x000f80       data     extern E:\3.44\pic18-lt\cxx-framework\src\traditional\proc\p18f25j50.asm
                    PORTB   0x000f81       data     extern E:\3.44\pic18-lt\cxx-framework\src\traditional\proc\p18f25j50.asm
                PORTBbits   0x000f81       data     extern E:\3.44\pic18-lt\cxx-framework\src\traditional\proc\p18f25j50.asm
                    PORTC   0x000f82       data     extern E:\3.44\pic18-lt\cxx-framework\src\traditional\proc\p18f25j50.asm
                PORTCbits   0x000f82       data     extern E:\3.44\pic18-lt\cxx-framework\src\traditional\proc\p18f25j50.asm
                 POSTDEC0   0x000fed       data     extern E:\3.44\pic18-lt\cxx-framework\src\traditional\proc\p18f25j50.asm
                 POSTDEC1   0x000fe5       data     extern E:\3.44\pic18-lt\cxx-framework\src\traditional\proc\p18f25j50.asm
                 POSTDEC2   0x000fdd       data     extern E:\3.44\pic18-lt\cxx-framework\src\traditional\proc\p18f25j50.asm
                 POSTINC0   0x000fee       data     extern E:\3.44\pic18-lt\cxx-framework\src\traditional\proc\p18f25j50.asm
                 POSTINC1   0x000fe6       data     extern E:\3.44\pic18-lt\cxx-framework\src\traditional\proc\p18f25j50.asm
                 POSTINC2   0x000fde       data     extern E:\3.44\pic18-lt\cxx-framework\src\traditional\proc\p18f25j50.asm
                   PPSCON   0x000eff       data     extern E:\3.44\pic18-lt\cxx-framework\src\traditional\proc\p18f25j50.asm
               PPSCONbits   0x000eff       data     extern E:\3.44\pic18-lt\cxx-framework\src\traditional\proc\p18f25j50.asm
                      PR2   0x000fcb       data     extern E:\3.44\pic18-lt\cxx-framework\src\traditional\proc\p18f25j50.asm
                      PR4   0x000f77       data     extern E:\3.44\pic18-lt\cxx-framework\src\traditional\proc\p18f25j50.asm
                  PREINC0   0x000fec       data     extern E:\3.44\pic18-lt\cxx-framework\src\traditional\proc\p18f25j50.asm
                  PREINC1   0x000fe4       data     extern E:\3.44\pic18-lt\cxx-framework\src\traditional\proc\p18f25j50.asm
                  PREINC2   0x000fdc       data     extern E:\3.44\pic18-lt\cxx-framework\src\traditional\proc\p18f25j50.asm
                     PROD   0x000ff3       data     extern E:\3.44\pic18-lt\cxx-framework\src\traditional\proc\p18f25j50.asm
                    PRODH   0x000ff4       data     extern E:\3.44\pic18-lt\cxx-framework\src\traditional\proc\p18f25j50.asm
                    PRODL   0x000ff3       data     extern E:\3.44\pic18-lt\cxx-framework\src\traditional\proc\p18f25j50.asm
                 PSTR1CON   0x000fbf       data     extern E:\3.44\pic18-lt\cxx-framework\src\traditional\proc\p18f25j50.asm
             PSTR1CONbits   0x000fbf       data     extern E:\3.44\pic18-lt\cxx-framework\src\traditional\proc\p18f25j50.asm
                 PSTR2CON   0x000fb9       data     extern E:\3.44\pic18-lt\cxx-framework\src\traditional\proc\p18f25j50.asm
             PSTR2CONbits   0x000fb9       data     extern E:\3.44\pic18-lt\cxx-framework\src\traditional\proc\p18f25j50.asm
                  PWM1CON   0x000fbd       data     extern E:\3.44\pic18-lt\cxx-framework\src\traditional\proc\p18f25j50.asm
              PWM1CONbits   0x000fbd       data     extern E:\3.44\pic18-lt\cxx-framework\src\traditional\proc\p18f25j50.asm
                  PWM2CON   0x000fb7       data     extern E:\3.44\pic18-lt\cxx-framework\src\traditional\proc\p18f25j50.asm
              PWM2CONbits   0x000fb7       data     extern E:\3.44\pic18-lt\cxx-framework\src\traditional\proc\p18f25j50.asm
                     RCON   0x000fd0       data     extern E:\3.44\pic18-lt\cxx-framework\src\traditional\proc\p18f25j50.asm
                 RCONbits   0x000fd0       data     extern E:\3.44\pic18-lt\cxx-framework\src\traditional\proc\p18f25j50.asm
                    RCREG   0x000faf       data     extern E:\3.44\pic18-lt\cxx-framework\src\traditional\proc\p18f25j50.asm
                   RCREG1   0x000faf       data     extern E:\3.44\pic18-lt\cxx-framework\src\traditional\proc\p18f25j50.asm
                   RCREG2   0x000faa       data     extern E:\3.44\pic18-lt\cxx-framework\src\traditional\proc\p18f25j50.asm
                    RCSTA   0x000fac       data     extern E:\3.44\pic18-lt\cxx-framework\src\traditional\proc\p18f25j50.asm
                   RCSTA1   0x000fac       data     extern E:\3.44\pic18-lt\cxx-framework\src\traditional\proc\p18f25j50.asm
               RCSTA1bits   0x000fac       data     extern E:\3.44\pic18-lt\cxx-framework\src\traditional\proc\p18f25j50.asm
                   RCSTA2   0x000f9c       data     extern E:\3.44\pic18-lt\cxx-framework\src\traditional\proc\p18f25j50.asm
               RCSTA2bits   0x000f9c       data     extern E:\3.44\pic18-lt\cxx-framework\src\traditional\proc\p18f25j50.asm
                RCSTAbits   0x000fac       data     extern E:\3.44\pic18-lt\cxx-framework\src\traditional\proc\p18f25j50.asm
                  REFOCON   0x000f3d       data     extern E:\3.44\pic18-lt\cxx-framework\src\traditional\proc\p18f25j50.asm
              REFOCONbits   0x000f3d       data     extern E:\3.44\pic18-lt\cxx-framework\src\traditional\proc\p18f25j50.asm
                   RPINR1   0x000ee7       data     extern E:\3.44\pic18-lt\cxx-framework\src\traditional\proc\p18f25j50.asm
                  RPINR12   0x000ef2       data     extern E:\3.44\pic18-lt\cxx-framework\src\traditional\proc\p18f25j50.asm
                  RPINR13   0x000ef3       data     extern E:\3.44\pic18-lt\cxx-framework\src\traditional\proc\p18f25j50.asm
                  RPINR16   0x000ef6       data     extern E:\3.44\pic18-lt\cxx-framework\src\traditional\proc\p18f25j50.asm
                  RPINR17   0x000ef7       data     extern E:\3.44\pic18-lt\cxx-framework\src\traditional\proc\p18f25j50.asm
                   RPINR2   0x000ee8       data     extern E:\3.44\pic18-lt\cxx-framework\src\traditional\proc\p18f25j50.asm
                  RPINR21   0x000efb       data     extern E:\3.44\pic18-lt\cxx-framework\src\traditional\proc\p18f25j50.asm
                  RPINR22   0x000efc       data     extern E:\3.44\pic18-lt\cxx-framework\src\traditional\proc\p18f25j50.asm
                  RPINR23   0x000efd       data     extern E:\3.44\pic18-lt\cxx-framework\src\traditional\proc\p18f25j50.asm
                  RPINR24   0x000efe       data     extern E:\3.44\pic18-lt\cxx-framework\src\traditional\proc\p18f25j50.asm
                   RPINR3   0x000ee9       data     extern E:\3.44\pic18-lt\cxx-framework\src\traditional\proc\p18f25j50.asm
                   RPINR4   0x000eea       data     extern E:\3.44\pic18-lt\cxx-framework\src\traditional\proc\p18f25j50.asm
                   RPINR6   0x000eec       data     extern E:\3.44\pic18-lt\cxx-framework\src\traditional\proc\p18f25j50.asm
                   RPINR7   0x000eed       data     extern E:\3.44\pic18-lt\cxx-framework\src\traditional\proc\p18f25j50.asm
                   RPINR8   0x000eee       data     extern E:\3.44\pic18-lt\cxx-framework\src\traditional\proc\p18f25j50.asm
                    RPOR0   0x000ec6       data     extern E:\3.44\pic18-lt\cxx-framework\src\traditional\proc\p18f25j50.asm
                    RPOR1   0x000ec7       data     extern E:\3.44\pic18-lt\cxx-framework\src\traditional\proc\p18f25j50.asm
                   RPOR10   0x000ed0       data     extern E:\3.44\pic18-lt\cxx-framework\src\traditional\proc\p18f25j50.asm
                   RPOR11   0x000ed1       data     extern E:\3.44\pic18-lt\cxx-framework\src\traditional\proc\p18f25j50.asm
                   RPOR12   0x000ed2       data     extern E:\3.44\pic18-lt\cxx-framework\src\traditional\proc\p18f25j50.asm
                   RPOR13   0x000ed3       data     extern E:\3.44\pic18-lt\cxx-framework\src\traditional\proc\p18f25j50.asm
                   RPOR17   0x000ed7       data     extern E:\3.44\pic18-lt\cxx-framework\src\traditional\proc\p18f25j50.asm
                   RPOR18   0x000ed8       data     extern E:\3.44\pic18-lt\cxx-framework\src\traditional\proc\p18f25j50.asm
                    RPOR2   0x000ec8       data     extern E:\3.44\pic18-lt\cxx-framework\src\traditional\proc\p18f25j50.asm
                    RPOR3   0x000ec9       data     extern E:\3.44\pic18-lt\cxx-framework\src\traditional\proc\p18f25j50.asm
                    RPOR4   0x000eca       data     extern E:\3.44\pic18-lt\cxx-framework\src\traditional\proc\p18f25j50.asm
                    RPOR5   0x000ecb       data     extern E:\3.44\pic18-lt\cxx-framework\src\traditional\proc\p18f25j50.asm
                    RPOR6   0x000ecc       data     extern E:\3.44\pic18-lt\cxx-framework\src\traditional\proc\p18f25j50.asm
                    RPOR7   0x000ecd       data     extern E:\3.44\pic18-lt\cxx-framework\src\traditional\proc\p18f25j50.asm
                    RPOR8   0x000ece       data     extern E:\3.44\pic18-lt\cxx-framework\src\traditional\proc\p18f25j50.asm
                    RPOR9   0x000ecf       data     extern E:\3.44\pic18-lt\cxx-framework\src\traditional\proc\p18f25j50.asm
                   RTCCAL   0x000f3e       data     extern E:\3.44\pic18-lt\cxx-framework\src\traditional\proc\p18f25j50.asm
               RTCCALbits   0x000f3e       data     extern E:\3.44\pic18-lt\cxx-framework\src\traditional\proc\p18f25j50.asm
                   RTCCFG   0x000f3f       data     extern E:\3.44\pic18-lt\cxx-framework\src\traditional\proc\p18f25j50.asm
               RTCCFGbits   0x000f3f       data     extern E:\3.44\pic18-lt\cxx-framework\src\traditional\proc\p18f25j50.asm
                  RTCVALH   0x000f99       data     extern E:\3.44\pic18-lt\cxx-framework\src\traditional\proc\p18f25j50.asm
                  RTCVALL   0x000f98       data     extern E:\3.44\pic18-lt\cxx-framework\src\traditional\proc\p18f25j50.asm
                  RXADDRH   0x000f68       data     extern E:\3.44\pic18-lt\cxx-framework\src\traditional\proc\p18f25j50.asm
              RXADDRHbits   0x000f68       data     extern E:\3.44\pic18-lt\cxx-framework\src\traditional\proc\p18f25j50.asm
                  RXADDRL   0x000f69       data     extern E:\3.44\pic18-lt\cxx-framework\src\traditional\proc\p18f25j50.asm
                     SIGN   0x000036       data     extern E:\3.44\pic18-lt\cxx-framework\src\traditional\math\cmath18.asm
                    SPBRG   0x000fb0       data     extern E:\3.44\pic18-lt\cxx-framework\src\traditional\proc\p18f25j50.asm
                   SPBRG1   0x000fb0       data     extern E:\3.44\pic18-lt\cxx-framework\src\traditional\proc\p18f25j50.asm
                   SPBRG2   0x000fab       data     extern E:\3.44\pic18-lt\cxx-framework\src\traditional\proc\p18f25j50.asm
                   SPBRGH   0x000f7f       data     extern E:\3.44\pic18-lt\cxx-framework\src\traditional\proc\p18f25j50.asm
                  SPBRGH1   0x000f7f       data     extern E:\3.44\pic18-lt\cxx-framework\src\traditional\proc\p18f25j50.asm
                  SPBRGH2   0x000f7d       data     extern E:\3.44\pic18-lt\cxx-framework\src\traditional\proc\p18f25j50.asm
                  SSP1ADD   0x000fc8       data     extern E:\3.44\pic18-lt\cxx-framework\src\traditional\proc\p18f25j50.asm
              SSP1ADDbits   0x000fc8       data     extern E:\3.44\pic18-lt\cxx-framework\src\traditional\proc\p18f25j50.asm
                  SSP1BUF   0x000fc9       data     extern E:\3.44\pic18-lt\cxx-framework\src\traditional\proc\p18f25j50.asm
                 SSP1CON1   0x000fc6       data     extern E:\3.44\pic18-lt\cxx-framework\src\traditional\proc\p18f25j50.asm
             SSP1CON1bits   0x000fc6       data     extern E:\3.44\pic18-lt\cxx-framework\src\traditional\proc\p18f25j50.asm
                 SSP1CON2   0x000fc5       data     extern E:\3.44\pic18-lt\cxx-framework\src\traditional\proc\p18f25j50.asm
             SSP1CON2bits   0x000fc5       data     extern E:\3.44\pic18-lt\cxx-framework\src\traditional\proc\p18f25j50.asm
                 SSP1STAT   0x000fc7       data     extern E:\3.44\pic18-lt\cxx-framework\src\traditional\proc\p18f25j50.asm
             SSP1STATbits   0x000fc7       data     extern E:\3.44\pic18-lt\cxx-framework\src\traditional\proc\p18f25j50.asm
                  SSP2ADD   0x000f74       data     extern E:\3.44\pic18-lt\cxx-framework\src\traditional\proc\p18f25j50.asm
              SSP2ADDbits   0x000f74       data     extern E:\3.44\pic18-lt\cxx-framework\src\traditional\proc\p18f25j50.asm
                  SSP2BUF   0x000f75       data     extern E:\3.44\pic18-lt\cxx-framework\src\traditional\proc\p18f25j50.asm
                 SSP2CON1   0x000f72       data     extern E:\3.44\pic18-lt\cxx-framework\src\traditional\proc\p18f25j50.asm
             SSP2CON1bits   0x000f72       data     extern E:\3.44\pic18-lt\cxx-framework\src\traditional\proc\p18f25j50.asm
                 SSP2CON2   0x000f71       data     extern E:\3.44\pic18-lt\cxx-framework\src\traditional\proc\p18f25j50.asm
             SSP2CON2bits   0x000f71       data     extern E:\3.44\pic18-lt\cxx-framework\src\traditional\proc\p18f25j50.asm
                 SSP2STAT   0x000f73       data     extern E:\3.44\pic18-lt\cxx-framework\src\traditional\proc\p18f25j50.asm
             SSP2STATbits   0x000f73       data     extern E:\3.44\pic18-lt\cxx-framework\src\traditional\proc\p18f25j50.asm
                   SSPADD   0x000fc8       data     extern E:\3.44\pic18-lt\cxx-framework\src\traditional\proc\p18f25j50.asm
               SSPADDbits   0x000fc8       data     extern E:\3.44\pic18-lt\cxx-framework\src\traditional\proc\p18f25j50.asm
                   SSPBUF   0x000fc9       data     extern E:\3.44\pic18-lt\cxx-framework\src\traditional\proc\p18f25j50.asm
                  SSPCON1   0x000fc6       data     extern E:\3.44\pic18-lt\cxx-framework\src\traditional\proc\p18f25j50.asm
              SSPCON1bits   0x000fc6       data     extern E:\3.44\pic18-lt\cxx-framework\src\traditional\proc\p18f25j50.asm
                  SSPCON2   0x000fc5       data     extern E:\3.44\pic18-lt\cxx-framework\src\traditional\proc\p18f25j50.asm
              SSPCON2bits   0x000fc5       data     extern E:\3.44\pic18-lt\cxx-framework\src\traditional\proc\p18f25j50.asm
                  SSPSTAT   0x000fc7       data     extern E:\3.44\pic18-lt\cxx-framework\src\traditional\proc\p18f25j50.asm
              SSPSTATbits   0x000fc7       data     extern E:\3.44\pic18-lt\cxx-framework\src\traditional\proc\p18f25j50.asm
                   STATUS   0x000fd8       data     extern E:\3.44\pic18-lt\cxx-framework\src\traditional\proc\p18f25j50.asm
               STATUSbits   0x000fd8       data     extern E:\3.44\pic18-lt\cxx-framework\src\traditional\proc\p18f25j50.asm
                   STKPTR   0x000ffc       data     extern E:\3.44\pic18-lt\cxx-framework\src\traditional\proc\p18f25j50.asm
               STKPTRbits   0x000ffc       data     extern E:\3.44\pic18-lt\cxx-framework\src\traditional\proc\p18f25j50.asm
                  StoreIR   0x000410       data     static E:\NZ\Baseline\src\ir_receiver.c
              StoreVolume   0x000463       data     static E:\NZ\Baseline\src\amp_state.c
                    T0CON   0x000fd5       data     extern E:\3.44\pic18-lt\cxx-framework\src\traditional\proc\p18f25j50.asm
                T0CONbits   0x000fd5       data     extern E:\3.44\pic18-lt\cxx-framework\src\traditional\proc\p18f25j50.asm
                    T1CON   0x000fcd       data     extern E:\3.44\pic18-lt\cxx-framework\src\traditional\proc\p18f25j50.asm
                T1CONbits   0x000fcd       data     extern E:\3.44\pic18-lt\cxx-framework\src\traditional\proc\p18f25j50.asm
                   T1GCON   0x000f9a       data     extern E:\3.44\pic18-lt\cxx-framework\src\traditional\proc\p18f25j50.asm
               T1GCONbits   0x000f9a       data     extern E:\3.44\pic18-lt\cxx-framework\src\traditional\proc\p18f25j50.asm
                    T2CON   0x000fca       data     extern E:\3.44\pic18-lt\cxx-framework\src\traditional\proc\p18f25j50.asm
                T2CONbits   0x000fca       data     extern E:\3.44\pic18-lt\cxx-framework\src\traditional\proc\p18f25j50.asm
                    T3CON   0x000f79       data     extern E:\3.44\pic18-lt\cxx-framework\src\traditional\proc\p18f25j50.asm
                T3CONbits   0x000f79       data     extern E:\3.44\pic18-lt\cxx-framework\src\traditional\proc\p18f25j50.asm
                   T3GCON   0x000f97       data     extern E:\3.44\pic18-lt\cxx-framework\src\traditional\proc\p18f25j50.asm
               T3GCONbits   0x000f97       data     extern E:\3.44\pic18-lt\cxx-framework\src\traditional\proc\p18f25j50.asm
                    T4CON   0x000f76       data     extern E:\3.44\pic18-lt\cxx-framework\src\traditional\proc\p18f25j50.asm
                T4CONbits   0x000f76       data     extern E:\3.44\pic18-lt\cxx-framework\src\traditional\proc\p18f25j50.asm
                   TABLAT   0x000ff5       data     extern E:\3.44\pic18-lt\cxx-framework\src\traditional\proc\p18f25j50.asm
                   TBLPTR   0x000ff6       data     extern E:\3.44\pic18-lt\cxx-framework\src\traditional\proc\p18f25j50.asm
                  TBLPTRH   0x000ff7       data     extern E:\3.44\pic18-lt\cxx-framework\src\traditional\proc\p18f25j50.asm
                  TBLPTRL   0x000ff6       data     extern E:\3.44\pic18-lt\cxx-framework\src\traditional\proc\p18f25j50.asm
                  TBLPTRU   0x000ff8       data     extern E:\3.44\pic18-lt\cxx-framework\src\traditional\proc\p18f25j50.asm
                  TCLKCON   0x000f52       data     extern E:\3.44\pic18-lt\cxx-framework\src\traditional\proc\p18f25j50.asm
              TCLKCONbits   0x000f52       data     extern E:\3.44\pic18-lt\cxx-framework\src\traditional\proc\p18f25j50.asm
                    TMR0H   0x000fd7       data     extern E:\3.44\pic18-lt\cxx-framework\src\traditional\proc\p18f25j50.asm
                    TMR0L   0x000fd6       data     extern E:\3.44\pic18-lt\cxx-framework\src\traditional\proc\p18f25j50.asm
                    TMR1H   0x000fcf       data     extern E:\3.44\pic18-lt\cxx-framework\src\traditional\proc\p18f25j50.asm
                    TMR1L   0x000fce       data     extern E:\3.44\pic18-lt\cxx-framework\src\traditional\proc\p18f25j50.asm
                     TMR2   0x000fcc       data     extern E:\3.44\pic18-lt\cxx-framework\src\traditional\proc\p18f25j50.asm
                    TMR3H   0x000f7b       data     extern E:\3.44\pic18-lt\cxx-framework\src\traditional\proc\p18f25j50.asm
                    TMR3L   0x000f7a       data     extern E:\3.44\pic18-lt\cxx-framework\src\traditional\proc\p18f25j50.asm
                     TMR4   0x000f78       data     extern E:\3.44\pic18-lt\cxx-framework\src\traditional\proc\p18f25j50.asm
                      TOS   0x000ffd       data     extern E:\3.44\pic18-lt\cxx-framework\src\traditional\proc\p18f25j50.asm
                     TOSH   0x000ffe       data     extern E:\3.44\pic18-lt\cxx-framework\src\traditional\proc\p18f25j50.asm
                     TOSL   0x000ffd       data     extern E:\3.44\pic18-lt\cxx-framework\src\traditional\proc\p18f25j50.asm
                     TOSU   0x000fff       data     extern E:\3.44\pic18-lt\cxx-framework\src\traditional\proc\p18f25j50.asm
                    TRISA   0x000f92       data     extern E:\3.44\pic18-lt\cxx-framework\src\traditional\proc\p18f25j50.asm
                TRISAbits   0x000f92       data     extern E:\3.44\pic18-lt\cxx-framework\src\traditional\proc\p18f25j50.asm
                    TRISB   0x000f93       data     extern E:\3.44\pic18-lt\cxx-framework\src\traditional\proc\p18f25j50.asm
                TRISBbits   0x000f93       data     extern E:\3.44\pic18-lt\cxx-framework\src\traditional\proc\p18f25j50.asm
                    TRISC   0x000f94       data     extern E:\3.44\pic18-lt\cxx-framework\src\traditional\proc\p18f25j50.asm
                TRISCbits   0x000f94       data     extern E:\3.44\pic18-lt\cxx-framework\src\traditional\proc\p18f25j50.asm
                  TXADDRH   0x000f6a       data     extern E:\3.44\pic18-lt\cxx-framework\src\traditional\proc\p18f25j50.asm
              TXADDRHbits   0x000f6a       data     extern E:\3.44\pic18-lt\cxx-framework\src\traditional\proc\p18f25j50.asm
                  TXADDRL   0x000f6b       data     extern E:\3.44\pic18-lt\cxx-framework\src\traditional\proc\p18f25j50.asm
                    TXREG   0x000fae       data     extern E:\3.44\pic18-lt\cxx-framework\src\traditional\proc\p18f25j50.asm
                   TXREG1   0x000fae       data     extern E:\3.44\pic18-lt\cxx-framework\src\traditional\proc\p18f25j50.asm
                   TXREG2   0x000fa9       data     extern E:\3.44\pic18-lt\cxx-framework\src\traditional\proc\p18f25j50.asm
                    TXSTA   0x000fad       data     extern E:\3.44\pic18-lt\cxx-framework\src\traditional\proc\p18f25j50.asm
                   TXSTA1   0x000fad       data     extern E:\3.44\pic18-lt\cxx-framework\src\traditional\proc\p18f25j50.asm
               TXSTA1bits   0x000fad       data     extern E:\3.44\pic18-lt\cxx-framework\src\traditional\proc\p18f25j50.asm
                   TXSTA2   0x000fa8       data     extern E:\3.44\pic18-lt\cxx-framework\src\traditional\proc\p18f25j50.asm
               TXSTA2bits   0x000fa8       data     extern E:\3.44\pic18-lt\cxx-framework\src\traditional\proc\p18f25j50.asm
                TXSTAbits   0x000fad       data     extern E:\3.44\pic18-lt\cxx-framework\src\traditional\proc\p18f25j50.asm
                    UADDR   0x000f38       data     extern E:\3.44\pic18-lt\cxx-framework\src\traditional\proc\p18f25j50.asm
                UADDRbits   0x000f38       data     extern E:\3.44\pic18-lt\cxx-framework\src\traditional\proc\p18f25j50.asm
                     UCFG   0x000f39       data     extern E:\3.44\pic18-lt\cxx-framework\src\traditional\proc\p18f25j50.asm
                 UCFGbits   0x000f39       data     extern E:\3.44\pic18-lt\cxx-framework\src\traditional\proc\p18f25j50.asm
                     UCON   0x000f65       data     extern E:\3.44\pic18-lt\cxx-framework\src\traditional\proc\p18f25j50.asm
                 UCONbits   0x000f65       data     extern E:\3.44\pic18-lt\cxx-framework\src\traditional\proc\p18f25j50.asm
                     UEIE   0x000f37       data     extern E:\3.44\pic18-lt\cxx-framework\src\traditional\proc\p18f25j50.asm
                 UEIEbits   0x000f37       data     extern E:\3.44\pic18-lt\cxx-framework\src\traditional\proc\p18f25j50.asm
                     UEIR   0x000f63       data     extern E:\3.44\pic18-lt\cxx-framework\src\traditional\proc\p18f25j50.asm
                 UEIRbits   0x000f63       data     extern E:\3.44\pic18-lt\cxx-framework\src\traditional\proc\p18f25j50.asm
                     UEP0   0x000f26       data     extern E:\3.44\pic18-lt\cxx-framework\src\traditional\proc\p18f25j50.asm
                 UEP0bits   0x000f26       data     extern E:\3.44\pic18-lt\cxx-framework\src\traditional\proc\p18f25j50.asm
                     UEP1   0x000f27       data     extern E:\3.44\pic18-lt\cxx-framework\src\traditional\proc\p18f25j50.asm
                    UEP10   0x000f30       data     extern E:\3.44\pic18-lt\cxx-framework\src\traditional\proc\p18f25j50.asm
                UEP10bits   0x000f30       data     extern E:\3.44\pic18-lt\cxx-framework\src\traditional\proc\p18f25j50.asm
                    UEP11   0x000f31       data     extern E:\3.44\pic18-lt\cxx-framework\src\traditional\proc\p18f25j50.asm
                UEP11bits   0x000f31       data     extern E:\3.44\pic18-lt\cxx-framework\src\traditional\proc\p18f25j50.asm
                    UEP12   0x000f32       data     extern E:\3.44\pic18-lt\cxx-framework\src\traditional\proc\p18f25j50.asm
                UEP12bits   0x000f32       data     extern E:\3.44\pic18-lt\cxx-framework\src\traditional\proc\p18f25j50.asm
                    UEP13   0x000f33       data     extern E:\3.44\pic18-lt\cxx-framework\src\traditional\proc\p18f25j50.asm
                UEP13bits   0x000f33       data     extern E:\3.44\pic18-lt\cxx-framework\src\traditional\proc\p18f25j50.asm
                    UEP14   0x000f34       data     extern E:\3.44\pic18-lt\cxx-framework\src\traditional\proc\p18f25j50.asm
                UEP14bits   0x000f34       data     extern E:\3.44\pic18-lt\cxx-framework\src\traditional\proc\p18f25j50.asm
                    UEP15   0x000f35       data     extern E:\3.44\pic18-lt\cxx-framework\src\traditional\proc\p18f25j50.asm
                UEP15bits   0x000f35       data     extern E:\3.44\pic18-lt\cxx-framework\src\traditional\proc\p18f25j50.asm
                 UEP1bits   0x000f27       data     extern E:\3.44\pic18-lt\cxx-framework\src\traditional\proc\p18f25j50.asm
                     UEP2   0x000f28       data     extern E:\3.44\pic18-lt\cxx-framework\src\traditional\proc\p18f25j50.asm
                 UEP2bits   0x000f28       data     extern E:\3.44\pic18-lt\cxx-framework\src\traditional\proc\p18f25j50.asm
                     UEP3   0x000f29       data     extern E:\3.44\pic18-lt\cxx-framework\src\traditional\proc\p18f25j50.asm
                 UEP3bits   0x000f29       data     extern E:\3.44\pic18-lt\cxx-framework\src\traditional\proc\p18f25j50.asm
                     UEP4   0x000f2a       data     extern E:\3.44\pic18-lt\cxx-framework\src\traditional\proc\p18f25j50.asm
                 UEP4bits   0x000f2a       data     extern E:\3.44\pic18-lt\cxx-framework\src\traditional\proc\p18f25j50.asm
                     UEP5   0x000f2b       data     extern E:\3.44\pic18-lt\cxx-framework\src\traditional\proc\p18f25j50.asm
                 UEP5bits   0x000f2b       data     extern E:\3.44\pic18-lt\cxx-framework\src\traditional\proc\p18f25j50.asm
                     UEP6   0x000f2c       data     extern E:\3.44\pic18-lt\cxx-framework\src\traditional\proc\p18f25j50.asm
                 UEP6bits   0x000f2c       data     extern E:\3.44\pic18-lt\cxx-framework\src\traditional\proc\p18f25j50.asm
                     UEP7   0x000f2d       data     extern E:\3.44\pic18-lt\cxx-framework\src\traditional\proc\p18f25j50.asm
                 UEP7bits   0x000f2d       data     extern E:\3.44\pic18-lt\cxx-framework\src\traditional\proc\p18f25j50.asm
                     UEP8   0x000f2e       data     extern E:\3.44\pic18-lt\cxx-framework\src\traditional\proc\p18f25j50.asm
                 UEP8bits   0x000f2e       data     extern E:\3.44\pic18-lt\cxx-framework\src\traditional\proc\p18f25j50.asm
                     UEP9   0x000f2f       data     extern E:\3.44\pic18-lt\cxx-framework\src\traditional\proc\p18f25j50.asm
                 UEP9bits   0x000f2f       data     extern E:\3.44\pic18-lt\cxx-framework\src\traditional\proc\p18f25j50.asm
                     UFRM   0x000f60       data     extern E:\3.44\pic18-lt\cxx-framework\src\traditional\proc\p18f25j50.asm
                    UFRMH   0x000f61       data     extern E:\3.44\pic18-lt\cxx-framework\src\traditional\proc\p18f25j50.asm
                UFRMHbits   0x000f61       data     extern E:\3.44\pic18-lt\cxx-framework\src\traditional\proc\p18f25j50.asm
                    UFRML   0x000f60       data     extern E:\3.44\pic18-lt\cxx-framework\src\traditional\proc\p18f25j50.asm
                UFRMLbits   0x000f60       data     extern E:\3.44\pic18-lt\cxx-framework\src\traditional\proc\p18f25j50.asm
                      UIE   0x000f36       data     extern E:\3.44\pic18-lt\cxx-framework\src\traditional\proc\p18f25j50.asm
                  UIEbits   0x000f36       data     extern E:\3.44\pic18-lt\cxx-framework\src\traditional\proc\p18f25j50.asm
                      UIR   0x000f62       data     extern E:\3.44\pic18-lt\cxx-framework\src\traditional\proc\p18f25j50.asm
                  UIRbits   0x000f62       data     extern E:\3.44\pic18-lt\cxx-framework\src\traditional\proc\p18f25j50.asm
                    USTAT   0x000f64       data     extern E:\3.44\pic18-lt\cxx-framework\src\traditional\proc\p18f25j50.asm
                USTATbits   0x000f64       data     extern E:\3.44\pic18-lt\cxx-framework\src\traditional\proc\p18f25j50.asm
                   WDTCON   0x000fc0       data     extern E:\3.44\pic18-lt\cxx-framework\src\traditional\proc\p18f25j50.asm
               WDTCONbits   0x000fc0       data     extern E:\3.44\pic18-lt\cxx-framework\src\traditional\proc\p18f25j50.asm
                     WREG   0x000fe8       data     extern E:\3.44\pic18-lt\cxx-framework\src\traditional\proc\p18f25j50.asm
                 __AARGB0   0x000034       data     extern E:\3.44\pic18-lt\cxx-framework\src\traditional\math\aarg.asm
                 __AARGB1   0x000033       data     extern E:\3.44\pic18-lt\cxx-framework\src\traditional\math\aarg.asm
                 __AARGB2   0x000032       data     extern E:\3.44\pic18-lt\cxx-framework\src\traditional\math\aarg.asm
                 __AARGB3   0x000031       data     extern E:\3.44\pic18-lt\cxx-framework\src\traditional\math\aarg.asm
                 __AARGB4   0x000030       data     extern E:\3.44\pic18-lt\cxx-framework\src\traditional\math\aarg.asm
                 __AARGB5   0x00002f       data     extern E:\3.44\pic18-lt\cxx-framework\src\traditional\math\aarg.asm
                 __AARGB6   0x00002e       data     extern E:\3.44\pic18-lt\cxx-framework\src\traditional\math\aarg.asm
                 __AARGB7   0x00002d       data     extern E:\3.44\pic18-lt\cxx-framework\src\traditional\math\aarg.asm
                   __AEXP   0x000035       data     extern E:\3.44\pic18-lt\cxx-framework\src\traditional\math\aarg.asm
                __FPFLAGS   0x000037       data     extern E:\3.44\pic18-lt\cxx-framework\src\traditional\math\cmath18.asm
            __FPFLAGSbits   0x000037       data     extern E:\3.44\pic18-lt\cxx-framework\src\traditional\math\cmath18.asm
                  __REMB0   0x000030       data     extern E:\3.44\pic18-lt\cxx-framework\src\traditional\math\aarg.asm
                  __REMB1   0x00002f       data     extern E:\3.44\pic18-lt\cxx-framework\src\traditional\math\aarg.asm
                  __REMB2   0x00002e       data     extern E:\3.44\pic18-lt\cxx-framework\src\traditional\math\aarg.asm
                  __REMB3   0x00002d       data     extern E:\3.44\pic18-lt\cxx-framework\src\traditional\math\aarg.asm
                  __tmp_0   0x000020       data     static E:\NZ\Baseline\src\lcd.c 
                  __tmp_0   0x000020       data     static E:\NZ\Baseline\src\ir_receiver.c
                  __tmp_0   0x000020       data     static E:\NZ\Baseline\src\display.c
                  __tmp_0   0x000020       data     static E:\NZ\Baseline\src\main.c
                  __tmp_0   0x000020       data     static E:\NZ\Baseline\src\dac_cntl.c
                  __tmp_0   0x000020       data     static E:\NZ\Baseline\src\relays.c
                  __tmp_0   0x000020       data     static E:\NZ\Baseline\src\amp_state.c
                  __tmp_0   0x000020       data     static E:\3.44\pic18-lt\cxx-framework\src\pmc_common\Flash\EraseFlash.c
                  __tmp_0   0x000020       data     static E:\3.44\pic18-lt\cxx-framework\src\pmc_common\Flash\ReadFlash.c
                  __tmp_0   0x000020       data     static E:\NZ\Baseline\src\storage.c
                  __tmp_0   0x000020       data     static E:\NZ\Baseline\src\usb_io.c
                  __tmp_1   0x000038       data     static E:\NZ\Baseline\src\main.c
          alt_display_cnt   0x000405       data     static E:\NZ\Baseline\src\display.c
           analog_channel   0x000462       data     static E:\NZ\Baseline\src\amp_state.c
             balance_incr   0x00045d       data     extern E:\NZ\Baseline\src\amp_state.c
       balance_incr_carry   0x00045e       data     static E:\NZ\Baseline\src\amp_state.c
                chan_tick   0x00044e       data     static E:\NZ\Baseline\src\main.c
             channel_incr   0x00045b       data     extern E:\NZ\Baseline\src\amp_state.c
                curr_byte   0x000478       data     static E:\3.44\pic18-lt\cxx-framework\src\traditional\startup\c018i.c
               curr_entry   0x00047a       data     static E:\3.44\pic18-lt\cxx-framework\src\traditional\startup\c018i.c
             curr_page_nr   0x000438       data     static E:\NZ\Baseline\src\storage.c
             current_page   0x00042e       data     static E:\NZ\Baseline\src\storage.c
            dac_lock_tick   0x000456       data     static E:\NZ\Baseline\src\main.c
                dac_state   0x00048b       data     static E:\NZ\Baseline\src\dac_cntl.c
                 data_ptr   0x00047c       data     static E:\3.44\pic18-lt\cxx-framework\src\traditional\startup\c018i.c
                   device   0x00041d       data     static E:\NZ\Baseline\src\ir_receiver.c
        device_prog_state   0x000418       data     static E:\NZ\Baseline\src\ir_receiver.c
              display_cnt   0x000400       data     extern E:\NZ\Baseline\src\display.c
                    ep1Bi   0x00040c       data     extern E:\NZ\Baseline\src\usb_io.c
                    ep1Bo   0x000408       data     extern E:\NZ\Baseline\src\usb_io.c
             final_ircode   0x00041b       data     static E:\NZ\Baseline\src\ir_receiver.c
              final_nbits   0x000417       data     static E:\NZ\Baseline\src\ir_receiver.c
           final_protocol   0x000420       data     static E:\NZ\Baseline\src\ir_receiver.c
                first_low   0x00042d       data     static E:\NZ\Baseline\src\ir_receiver.c
               flash_tick   0x000452       data     static E:\NZ\Baseline\src\main.c
          has_lcd_display   0x00048a       data     extern E:\NZ\Baseline\src\lcd.c 
                 i2c_prev   0x000488       data     static E:\NZ\Baseline\src\relays.c
           ir_received_ok   0x000457       data     static E:\NZ\Baseline\src\main.c
               ir_speedup   0x000458       data     static E:\NZ\Baseline\src\main.c
                  ir_tick   0x000454       data     static E:\NZ\Baseline\src\main.c
                   ircode   0x000419       data     static E:\NZ\Baseline\src\ir_receiver.c
            key_packet_sz   0x000484       data     static E:\NZ\Baseline\src\storage.c
                  key_ptr   0x000430       data     static E:\NZ\Baseline\src\storage.c
               lcd_wr_ack   0x000406       data     extern E:\NZ\Baseline\src\lcd.c 
           memory_tainted   0x000407       data     extern E:\NZ\Baseline\src\lcd.c 
                    muted   0x000460       data     static E:\NZ\Baseline\src\amp_state.c
               n_channels   0x000461       data     static E:\NZ\Baseline\src\amp_state.c
                    nbits   0x000414       data     static E:\NZ\Baseline\src\ir_receiver.c
                 nbits_ok   0x000416       data     static E:\NZ\Baseline\src\ir_receiver.c
                   nedges   0x000415       data     static E:\NZ\Baseline\src\ir_receiver.c
               packet_buf   0x000439       data     static E:\NZ\Baseline\src\storage.c
                    power   0x00045f       data     static E:\NZ\Baseline\src\amp_state.c
               power_incr   0x00045c       data     extern E:\NZ\Baseline\src\amp_state.c
               power_tick   0x000450       data     static E:\NZ\Baseline\src\main.c
       prev_usb_bus_sense   0x000449       data     static E:\NZ\Baseline\src\main.c
                     prom   0x000475       data     static E:\3.44\pic18-lt\cxx-framework\src\traditional\startup\c018i.c
                 protocol   0x00041f       data     static E:\NZ\Baseline\src\ir_receiver.c
         protocol_handler   0x000421       data     static E:\NZ\Baseline\src\ir_receiver.c
       rc_got_half_period   0x00042b       data     static E:\NZ\Baseline\src\ir_receiver.c
                rc_toggle   0x00042c       data     static E:\NZ\Baseline\src\ir_receiver.c
             segment_data   0x000401       data     static E:\NZ\Baseline\src\display.c
                  usb_msg   0x00046e       data     static E:\NZ\Baseline\src\ir_receiver.c
                 usb_tick   0x00044c       data     static E:\NZ\Baseline\src\main.c
              usb_tmr_msg   0x000467       data     extern E:\NZ\Baseline\src\ir_receiver.c
              vol_usb_msg   0x00047f       data     static E:\NZ\Baseline\src\main.c
              volume_incr   0x000459       data     extern E:\NZ\Baseline\src\amp_state.c
        volume_incr_carry   0x00045a       data     static E:\NZ\Baseline\src\amp_state.c
              volume_tick   0x00044a       data     static E:\NZ\Baseline\src\main.c



                              Symbols - Sorted by Address
                     Name    Address   Location    Storage File                     
                ---------  ---------  ---------  --------- ---------                
                   _entry   0x000000    program     extern E:\3.44\pic18-lt\cxx-framework\src\traditional\startup\c018i.c
       ___return_lbl00000   0x000004    program     static                          
            boot_isr_high   0x000008    program     extern E:\NZ\Baseline\src\main.c
       ___return_lbl00003   0x00000c    program     static                          
             boot_isr_low   0x000018    program     extern E:\NZ\Baseline\src\main.c
       ___return_lbl00004   0x00001c    program     static                          
                   _reset   0x002000    program     extern E:\NZ\Baseline\src\main.c
       ___return_lbl00000   0x002004    program     static                          
                   __init   0x002006    program     extern E:\3.44\pic18-lt\cxx-framework\src\traditional\stdclib\__init.c
app_interrupt_at_high_vector   0x002008    program     extern E:\NZ\Baseline\src\main.c
       ___return_lbl00001   0x00200c    program     static                          
app_interrupt_at_low_vector   0x002018    program     extern E:\NZ\Baseline\src\main.c
[...]
                   TXSTA2   0x000fa8       data     extern E:\3.44\pic18-lt\cxx-framework\src\traditional\proc\p18f25j50.asm
               TXSTA2bits   0x000fa8       data     extern E:\3.44\pic18-lt\cxx-framework\src\traditional\proc\p18f25j50.asm
                   TXREG2   0x000fa9       data     extern E:\3.44\pic18-lt\cxx-framework\src\traditional\proc\p18f25j50.asm
                   RCREG2   0x000faa       data     extern E:\3.44\pic18-lt\cxx-framework\src\traditional\proc\p18f25j50.asm
                   SPBRG2   0x000fab       data     extern E:\3.44\pic18-lt\cxx-framework\src\traditional\proc\p18f25j50.asm
                   RCSTA1   0x000fac       data     extern E:\3.44\pic18-lt\cxx-framework\src\traditional\proc\p18f25j50.asm
               RCSTA1bits   0x000fac       data     extern E:\3.44\pic18-lt\cxx-framework\src\traditional\proc\p18f25j50.asm
                RCSTAbits   0x000fac       data     extern E:\3.44\pic18-lt\cxx-framework\src\traditional\proc\p18f25j50.asm
                    RCSTA   0x000fac       data     extern E:\3.44\pic18-lt\cxx-framework\src\traditional\proc\p18f25j50.asm
                    TXSTA   0x000fad       data     extern E:\3.44\pic18-lt\cxx-framework\src\traditional\proc\p18f25j50.asm
                   TXSTA1   0x000fad       data     extern E:\3.44\pic18-lt\cxx-framework\src\traditional\proc\p18f25j50.asm
               TXSTA1bits   0x000fad       data     extern E:\3.44\pic18-lt\cxx-framework\src\traditional\proc\p18f25j50.asm
                TXSTAbits   0x000fad       data     extern E:\3.44\pic18-lt\cxx-framework\src\traditional\proc\p18f25j50.asm
                    TXREG   0x000fae       data     extern E:\3.44\pic18-lt\cxx-framework\src\traditional\proc\p18f25j50.asm
                   TXREG1   0x000fae       data     extern E:\3.44\pic18-lt\cxx-framework\src\traditional\proc\p18f25j50.asm
                   RCREG1   0x000faf       data     extern E:\3.44\pic18-lt\cxx-framework\src\traditional\proc\p18f25j50.asm
                    RCREG   0x000faf       data     extern E:\3.44\pic18-lt\cxx-framework\src\traditional\proc\p18f25j50.asm
                    SPBRG   0x000fb0       data     extern E:\3.44\pic18-lt\cxx-framework\src\traditional\proc\p18f25j50.asm
                   SPBRG1   0x000fb0       data     extern E:\3.44\pic18-lt\cxx-framework\src\traditional\proc\p18f25j50.asm
             CTMUICONbits   0x000fb1       data     extern E:\3.44\pic18-lt\cxx-framework\src\traditional\proc\p18f25j50.asm
                 CTMUICON   0x000fb1       data     extern E:\3.44\pic18-lt\cxx-framework\src\traditional\proc\p18f25j50.asm
                 CTMUCONL   0x000fb2       data     extern E:\3.44\pic18-lt\cxx-framework\src\traditional\proc\p18f25j50.asm
             CTMUCONLbits   0x000fb2       data     extern E:\3.44\pic18-lt\cxx-framework\src\traditional\proc\p18f25j50.asm
                 CTMUCONH   0x000fb3       data     extern E:\3.44\pic18-lt\cxx-framework\src\traditional\proc\p18f25j50.asm
             CTMUCONHbits   0x000fb3       data     extern E:\3.44\pic18-lt\cxx-framework\src\traditional\proc\p18f25j50.asm
             ECCP2CONbits   0x000fb4       data     extern E:\3.44\pic18-lt\cxx-framework\src\traditional\proc\p18f25j50.asm
                 ECCP2CON   0x000fb4       data     extern E:\3.44\pic18-lt\cxx-framework\src\traditional\proc\p18f25j50.asm
                  CCP2CON   0x000fb4       data     extern E:\3.44\pic18-lt\cxx-framework\src\traditional\proc\p18f25j50.asm
              CCP2CONbits   0x000fb4       data     extern E:\3.44\pic18-lt\cxx-framework\src\traditional\proc\p18f25j50.asm
                   CCPR2L   0x000fb5       data     extern E:\3.44\pic18-lt\cxx-framework\src\traditional\proc\p18f25j50.asm
                    CCPR2   0x000fb5       data     extern E:\3.44\pic18-lt\cxx-framework\src\traditional\proc\p18f25j50.asm
                   CCPR2H   0x000fb6       data     extern E:\3.44\pic18-lt\cxx-framework\src\traditional\proc\p18f25j50.asm
             ECCP2DELbits   0x000fb7       data     extern E:\3.44\pic18-lt\cxx-framework\src\traditional\proc\p18f25j50.asm
                 ECCP2DEL   0x000fb7       data     extern E:\3.44\pic18-lt\cxx-framework\src\traditional\proc\p18f25j50.asm
                  PWM2CON   0x000fb7       data     extern E:\3.44\pic18-lt\cxx-framework\src\traditional\proc\p18f25j50.asm
              PWM2CONbits   0x000fb7       data     extern E:\3.44\pic18-lt\cxx-framework\src\traditional\proc\p18f25j50.asm
              ECCP2ASbits   0x000fb8       data     extern E:\3.44\pic18-lt\cxx-framework\src\traditional\proc\p18f25j50.asm
                  ECCP2AS   0x000fb8       data     extern E:\3.44\pic18-lt\cxx-framework\src\traditional\proc\p18f25j50.asm
             PSTR2CONbits   0x000fb9       data     extern E:\3.44\pic18-lt\cxx-framework\src\traditional\proc\p18f25j50.asm
                 PSTR2CON   0x000fb9       data     extern E:\3.44\pic18-lt\cxx-framework\src\traditional\proc\p18f25j50.asm
                 ECCP1CON   0x000fba       data     extern E:\3.44\pic18-lt\cxx-framework\src\traditional\proc\p18f25j50.asm
                  CCP1CON   0x000fba       data     extern E:\3.44\pic18-lt\cxx-framework\src\traditional\proc\p18f25j50.asm
             ECCP1CONbits   0x000fba       data     extern E:\3.44\pic18-lt\cxx-framework\src\traditional\proc\p18f25j50.asm
              CCP1CONbits   0x000fba       data     extern E:\3.44\pic18-lt\cxx-framework\src\traditional\proc\p18f25j50.asm
                   CCPR1L   0x000fbb       data     extern E:\3.44\pic18-lt\cxx-framework\src\traditional\proc\p18f25j50.asm
                    CCPR1   0x000fbb       data     extern E:\3.44\pic18-lt\cxx-framework\src\traditional\proc\p18f25j50.asm
                   CCPR1H   0x000fbc       data     extern E:\3.44\pic18-lt\cxx-framework\src\traditional\proc\p18f25j50.asm
                  PWM1CON   0x000fbd       data     extern E:\3.44\pic18-lt\cxx-framework\src\traditional\proc\p18f25j50.asm
                 ECCP1DEL   0x000fbd       data     extern E:\3.44\pic18-lt\cxx-framework\src\traditional\proc\p18f25j50.asm
             ECCP1DELbits   0x000fbd       data     extern E:\3.44\pic18-lt\cxx-framework\src\traditional\proc\p18f25j50.asm
              PWM1CONbits   0x000fbd       data     extern E:\3.44\pic18-lt\cxx-framework\src\traditional\proc\p18f25j50.asm
              ECCP1ASbits   0x000fbe       data     extern E:\3.44\pic18-lt\cxx-framework\src\traditional\proc\p18f25j50.asm
                  ECCP1AS   0x000fbe       data     extern E:\3.44\pic18-lt\cxx-framework\src\traditional\proc\p18f25j50.asm
                 PSTR1CON   0x000fbf       data     extern E:\3.44\pic18-lt\cxx-framework\src\traditional\proc\p18f25j50.asm
             PSTR1CONbits   0x000fbf       data     extern E:\3.44\pic18-lt\cxx-framework\src\traditional\proc\p18f25j50.asm
               WDTCONbits   0x000fc0       data     extern E:\3.44\pic18-lt\cxx-framework\src\traditional\proc\p18f25j50.asm
                   WDTCON   0x000fc0       data     extern E:\3.44\pic18-lt\cxx-framework\src\traditional\proc\p18f25j50.asm
               ADCON1bits   0x000fc1       data     extern E:\3.44\pic18-lt\cxx-framework\src\traditional\proc\p18f25j50.asm
                   ADCON1   0x000fc1       data     extern E:\3.44\pic18-lt\cxx-framework\src\traditional\proc\p18f25j50.asm
                   ADCON0   0x000fc2       data     extern E:\3.44\pic18-lt\cxx-framework\src\traditional\proc\p18f25j50.asm
               ADCON0bits   0x000fc2       data     extern E:\3.44\pic18-lt\cxx-framework\src\traditional\proc\p18f25j50.asm
                   ADRESL   0x000fc3       data     extern E:\3.44\pic18-lt\cxx-framework\src\traditional\proc\p18f25j50.asm
                    ADRES   0x000fc3       data     extern E:\3.44\pic18-lt\cxx-framework\src\traditional\proc\p18f25j50.asm
                   ADRESH   0x000fc4       data     extern E:\3.44\pic18-lt\cxx-framework\src\traditional\proc\p18f25j50.asm
             SSP1CON2bits   0x000fc5       data     extern E:\3.44\pic18-lt\cxx-framework\src\traditional\proc\p18f25j50.asm
                 SSP1CON2   0x000fc5       data     extern E:\3.44\pic18-lt\cxx-framework\src\traditional\proc\p18f25j50.asm
                  SSPCON2   0x000fc5       data     extern E:\3.44\pic18-lt\cxx-framework\src\traditional\proc\p18f25j50.asm
              SSPCON2bits   0x000fc5       data     extern E:\3.44\pic18-lt\cxx-framework\src\traditional\proc\p18f25j50.asm
                 SSP1CON1   0x000fc6       data     extern E:\3.44\pic18-lt\cxx-framework\src\traditional\proc\p18f25j50.asm
             SSP1CON1bits   0x000fc6       data     extern E:\3.44\pic18-lt\cxx-framework\src\traditional\proc\p18f25j50.asm
                  SSPCON1   0x000fc6       data     extern E:\3.44\pic18-lt\cxx-framework\src\traditional\proc\p18f25j50.asm
              SSPCON1bits   0x000fc6       data     extern E:\3.44\pic18-lt\cxx-framework\src\traditional\proc\p18f25j50.asm
              SSPSTATbits   0x000fc7       data     extern E:\3.44\pic18-lt\cxx-framework\src\traditional\proc\p18f25j50.asm
                  SSPSTAT   0x000fc7       data     extern E:\3.44\pic18-lt\cxx-framework\src\traditional\proc\p18f25j50.asm
                 SSP1STAT   0x000fc7       data     extern E:\3.44\pic18-lt\cxx-framework\src\traditional\proc\p18f25j50.asm
             SSP1STATbits   0x000fc7       data     extern E:\3.44\pic18-lt\cxx-framework\src\traditional\proc\p18f25j50.asm
                  SSP1ADD   0x000fc8       data     extern E:\3.44\pic18-lt\cxx-framework\src\traditional\proc\p18f25j50.asm
              SSP1ADDbits   0x000fc8       data     extern E:\3.44\pic18-lt\cxx-framework\src\traditional\proc\p18f25j50.asm
                   SSPADD   0x000fc8       data     extern E:\3.44\pic18-lt\cxx-framework\src\traditional\proc\p18f25j50.asm
               SSPADDbits   0x000fc8       data     extern E:\3.44\pic18-lt\cxx-framework\src\traditional\proc\p18f25j50.asm
                  SSP1BUF   0x000fc9       data     extern E:\3.44\pic18-lt\cxx-framework\src\traditional\proc\p18f25j50.asm
                   SSPBUF   0x000fc9       data     extern E:\3.44\pic18-lt\cxx-framework\src\traditional\proc\p18f25j50.asm
                T2CONbits   0x000fca       data     extern E:\3.44\pic18-lt\cxx-framework\src\traditional\proc\p18f25j50.asm
                    T2CON   0x000fca       data     extern E:\3.44\pic18-lt\cxx-framework\src\traditional\proc\p18f25j50.asm
                      PR2   0x000fcb       data     extern E:\3.44\pic18-lt\cxx-framework\src\traditional\proc\p18f25j50.asm
                     TMR2   0x000fcc       data     extern E:\3.44\pic18-lt\cxx-framework\src\traditional\proc\p18f25j50.asm
                T1CONbits   0x000fcd       data     extern E:\3.44\pic18-lt\cxx-framework\src\traditional\proc\p18f25j50.asm
                    T1CON   0x000fcd       data     extern E:\3.44\pic18-lt\cxx-framework\src\traditional\proc\p18f25j50.asm
                    TMR1L   0x000fce       data     extern E:\3.44\pic18-lt\cxx-framework\src\traditional\proc\p18f25j50.asm
                    TMR1H   0x000fcf       data     extern E:\3.44\pic18-lt\cxx-framework\src\traditional\proc\p18f25j50.asm
                 RCONbits   0x000fd0       data     extern E:\3.44\pic18-lt\cxx-framework\src\traditional\proc\p18f25j50.asm
                     RCON   0x000fd0       data     extern E:\3.44\pic18-lt\cxx-framework\src\traditional\proc\p18f25j50.asm
                  CM2CON1   0x000fd1       data     extern E:\3.44\pic18-lt\cxx-framework\src\traditional\proc\p18f25j50.asm
              CM2CON1bits   0x000fd1       data     extern E:\3.44\pic18-lt\cxx-framework\src\traditional\proc\p18f25j50.asm
                   CM2CON   0x000fd1       data     extern E:\3.44\pic18-lt\cxx-framework\src\traditional\proc\p18f25j50.asm
               CM2CONbits   0x000fd1       data     extern E:\3.44\pic18-lt\cxx-framework\src\traditional\proc\p18f25j50.asm
              CM1CON1bits   0x000fd2       data     extern E:\3.44\pic18-lt\cxx-framework\src\traditional\proc\p18f25j50.asm
               CM1CONbits   0x000fd2       data     extern E:\3.44\pic18-lt\cxx-framework\src\traditional\proc\p18f25j50.asm
                  CM1CON1   0x000fd2       data     extern E:\3.44\pic18-lt\cxx-framework\src\traditional\proc\p18f25j50.asm
                   CM1CON   0x000fd2       data     extern E:\3.44\pic18-lt\cxx-framework\src\traditional\proc\p18f25j50.asm
               OSCCONbits   0x000fd3       data     extern E:\3.44\pic18-lt\cxx-framework\src\traditional\proc\p18f25j50.asm
                   OSCCON   0x000fd3       data     extern E:\3.44\pic18-lt\cxx-framework\src\traditional\proc\p18f25j50.asm
                T0CONbits   0x000fd5       data     extern E:\3.44\pic18-lt\cxx-framework\src\traditional\proc\p18f25j50.asm
                    T0CON   0x000fd5       data     extern E:\3.44\pic18-lt\cxx-framework\src\traditional\proc\p18f25j50.asm
                    TMR0L   0x000fd6       data     extern E:\3.44\pic18-lt\cxx-framework\src\traditional\proc\p18f25j50.asm
                    TMR0H   0x000fd7       data     extern E:\3.44\pic18-lt\cxx-framework\src\traditional\proc\p18f25j50.asm
               STATUSbits   0x000fd8       data     extern E:\3.44\pic18-lt\cxx-framework\src\traditional\proc\p18f25j50.asm
                   STATUS   0x000fd8       data     extern E:\3.44\pic18-lt\cxx-framework\src\traditional\proc\p18f25j50.asm
                     FSR2   0x000fd9       data     extern E:\3.44\pic18-lt\cxx-framework\src\traditional\proc\p18f25j50.asm
                    FSR2L   0x000fd9       data     extern E:\3.44\pic18-lt\cxx-framework\src\traditional\proc\p18f25j50.asm
                    FSR2H   0x000fda       data     extern E:\3.44\pic18-lt\cxx-framework\src\traditional\proc\p18f25j50.asm
                   PLUSW2   0x000fdb       data     extern E:\3.44\pic18-lt\cxx-framework\src\traditional\proc\p18f25j50.asm
                  PREINC2   0x000fdc       data     extern E:\3.44\pic18-lt\cxx-framework\src\traditional\proc\p18f25j50.asm
                 POSTDEC2   0x000fdd       data     extern E:\3.44\pic18-lt\cxx-framework\src\traditional\proc\p18f25j50.asm
                 POSTINC2   0x000fde       data     extern E:\3.44\pic18-lt\cxx-framework\src\traditional\proc\p18f25j50.asm
                    INDF2   0x000fdf       data     extern E:\3.44\pic18-lt\cxx-framework\src\traditional\proc\p18f25j50.asm
                      BSR   0x000fe0       data     extern E:\3.44\pic18-lt\cxx-framework\src\traditional\proc\p18f25j50.asm
                     FSR1   0x000fe1       data     extern E:\3.44\pic18-lt\cxx-framework\src\traditional\proc\p18f25j50.asm
                    FSR1L   0x000fe1       data     extern E:\3.44\pic18-lt\cxx-framework\src\traditional\proc\p18f25j50.asm
                    FSR1H   0x000fe2       data     extern E:\3.44\pic18-lt\cxx-framework\src\traditional\proc\p18f25j50.asm
                   PLUSW1   0x000fe3       data     extern E:\3.44\pic18-lt\cxx-framework\src\traditional\proc\p18f25j50.asm
                  PREINC1   0x000fe4       data     extern E:\3.44\pic18-lt\cxx-framework\src\traditional\proc\p18f25j50.asm
                 POSTDEC1   0x000fe5       data     extern E:\3.44\pic18-lt\cxx-framework\src\traditional\proc\p18f25j50.asm
                 POSTINC1   0x000fe6       data     extern E:\3.44\pic18-lt\cxx-framework\src\traditional\proc\p18f25j50.asm
                    INDF1   0x000fe7       data     extern E:\3.44\pic18-lt\cxx-framework\src\traditional\proc\p18f25j50.asm
                     WREG   0x000fe8       data     extern E:\3.44\pic18-lt\cxx-framework\src\traditional\proc\p18f25j50.asm
                    FSR0L   0x000fe9       data     extern E:\3.44\pic18-lt\cxx-framework\src\traditional\proc\p18f25j50.asm
                     FSR0   0x000fe9       data     extern E:\3.44\pic18-lt\cxx-framework\src\traditional\proc\p18f25j50.asm
                    FSR0H   0x000fea       data     extern E:\3.44\pic18-lt\cxx-framework\src\traditional\proc\p18f25j50.asm
                   PLUSW0   0x000feb       data     extern E:\3.44\pic18-lt\cxx-framework\src\traditional\proc\p18f25j50.asm
                  PREINC0   0x000fec       data     extern E:\3.44\pic18-lt\cxx-framework\src\traditional\proc\p18f25j50.asm
                 POSTDEC0   0x000fed       data     extern E:\3.44\pic18-lt\cxx-framework\src\traditional\proc\p18f25j50.asm
                 POSTINC0   0x000fee       data     extern E:\3.44\pic18-lt\cxx-framework\src\traditional\proc\p18f25j50.asm
                    INDF0   0x000fef       data     extern E:\3.44\pic18-lt\cxx-framework\src\traditional\proc\p18f25j50.asm
                  INTCON3   0x000ff0       data     extern E:\3.44\pic18-lt\cxx-framework\src\traditional\proc\p18f25j50.asm
              INTCON3bits   0x000ff0       data     extern E:\3.44\pic18-lt\cxx-framework\src\traditional\proc\p18f25j50.asm
                  INTCON2   0x000ff1       data     extern E:\3.44\pic18-lt\cxx-framework\src\traditional\proc\p18f25j50.asm
              INTCON2bits   0x000ff1       data     extern E:\3.44\pic18-lt\cxx-framework\src\traditional\proc\p18f25j50.asm
               INTCONbits   0x000ff2       data     extern E:\3.44\pic18-lt\cxx-framework\src\traditional\proc\p18f25j50.asm
                   INTCON   0x000ff2       data     extern E:\3.44\pic18-lt\cxx-framework\src\traditional\proc\p18f25j50.asm
                    PRODL   0x000ff3       data     extern E:\3.44\pic18-lt\cxx-framework\src\traditional\proc\p18f25j50.asm
                     PROD   0x000ff3       data     extern E:\3.44\pic18-lt\cxx-framework\src\traditional\proc\p18f25j50.asm
                    PRODH   0x000ff4       data     extern E:\3.44\pic18-lt\cxx-framework\src\traditional\proc\p18f25j50.asm
                   TABLAT   0x000ff5       data     extern E:\3.44\pic18-lt\cxx-framework\src\traditional\proc\p18f25j50.asm
                   TBLPTR   0x000ff6       data     extern E:\3.44\pic18-lt\cxx-framework\src\traditional\proc\p18f25j50.asm
                  TBLPTRL   0x000ff6       data     extern E:\3.44\pic18-lt\cxx-framework\src\traditional\proc\p18f25j50.asm
                  TBLPTRH   0x000ff7       data     extern E:\3.44\pic18-lt\cxx-framework\src\traditional\proc\p18f25j50.asm
                  TBLPTRU   0x000ff8       data     extern E:\3.44\pic18-lt\cxx-framework\src\traditional\proc\p18f25j50.asm
                      PCL   0x000ff9       data     extern E:\3.44\pic18-lt\cxx-framework\src\traditional\proc\p18f25j50.asm
                       PC   0x000ff9       data     extern E:\3.44\pic18-lt\cxx-framework\src\traditional\proc\p18f25j50.asm
                   PCLATH   0x000ffa       data     extern E:\3.44\pic18-lt\cxx-framework\src\traditional\proc\p18f25j50.asm
                   PCLATU   0x000ffb       data     extern E:\3.44\pic18-lt\cxx-framework\src\traditional\proc\p18f25j50.asm
               STKPTRbits   0x000ffc       data     extern E:\3.44\pic18-lt\cxx-framework\src\traditional\proc\p18f25j50.asm
                   STKPTR   0x000ffc       data     extern E:\3.44\pic18-lt\cxx-framework\src\traditional\proc\p18f25j50.asm
                      TOS   0x000ffd       data     extern E:\3.44\pic18-lt\cxx-framework\src\traditional\proc\p18f25j50.asm
                     TOSL   0x000ffd       data     extern E:\3.44\pic18-lt\cxx-framework\src\traditional\proc\p18f25j50.asm
                     TOSH   0x000ffe       data     extern E:\3.44\pic18-lt\cxx-framework\src\traditional\proc\p18f25j50.asm
                     TOSU   0x000fff       data     extern E:\3.44\pic18-lt\cxx-framework\src\traditional\proc\p18f25j50.asm


